<html>
<body>
<pre>
<h1>礦ision Build Log</h1>
<h2>Tool Versions:</h2>
IDE-Version: μVision V5.21.1.0
Copyright (C) 2016 ARM Ltd and ARM Germany GmbH. All rights reserved.
License Information: long guanrong, zhengdianyuanzi, LIC=1WSBS-LYT36-UKRB6-DK2PX-GI9FX-2Y5UH
 
Tool Versions:
Toolchain:       MDK-ARM Professional  Version: 5.21a
Toolchain Path:  C:\Keil_v5\ARM\ARMCC\Bin
C Compiler:      Armcc.exe V5.06 update 3 (build 300)
Assembler:       Armasm.exe V5.06 update 3 (build 300)
Linker/Locator:  ArmLink.exe V5.06 update 3 (build 300)
Library Manager: ArmAr.exe V5.06 update 3 (build 300)
Hex Converter:   FromElf.exe V5.06 update 3 (build 300)
CPU DLL:         SARMCM3.DLL V5.21a
Dialog DLL:      DARMCM1.DLL V1.14.0.0
Target DLL:      Segger\JL2CM3.dll V2.99.23.0
Dialog DLL:      TARMCM1.DLL V1.10.0.0
 
<h2>Project:</h2>
G:\毕设\学校答辩版\程序与电路图文件夹\软件\ametal_easy_arm_amks16z\project_keil\applications\template\template.uvprojx
Project File Date:  05/06/2016

<h2>Output:</h2>
*** Using Compiler 'V5.06 update 3 (build 300)', folder: 'C:\Keil_v5\ARM\ARMCC\Bin'
Build target 'debug'
compiling am_spi.c...
compiling am_ringbuf.c...
compiling am_i2c.c...
compiling am_uart.c...
compiling am_uart_ringbuf.c...
compiling am_uart_int.c...
compiling am_adc.c...
compiling am_dac.c...
assembling startup_MKL16Z4.S...
compiling am_buzzer_pwm.c...
compiling am_led.c...
compiling am_delay.c...
compiling am_board.c...
compiling am_debug.c...
compiling am_system.c...
compiling amdr_dac.c...
compiling amdr_int.c...
compiling amdr_adc.c...
compiling amdr_gpio.c...
compiling amdr_spi.c...
compiling amdr_tpm_cap.c...
compiling amdr_tpm_pwm.c...
compiling amdr_tpm_timing.c...
compiling amdr_uart.c...
compiling amdr_pit_timing.c...
compiling amdr_dma.c...
compiling amdr_lptmr_timing.c...
compiling amdr_wdt.c...
compiling amdr_ftfa.c...
compiling amdr_pmu.c...
compiling amdr_tsi.c...
compiling amdr_rtc.c...
compiling amhw_adc.c...
compiling amdr_i2c.c...
compiling amdr_clk.c...
compiling amhw_spi.c...
compiling amhw_dac.c...
compiling amhw_uart.c...
compiling amhw_i2s.c...
compiling amhw_ftfa.c...
compiling amdr_hwconfig_adc.c...
compiling amdr_hwconfig_dac.c...
compiling amdr_hwconfig_dma.c...
compiling amdr_hwconfig_gpio.c...
compiling amdr_hwconfig_i2c.c...
compiling amdr_hwconfig_int.c...
compiling amdr_hwconfig_lptmr_timing.c...
compiling amdr_hwconfig_pit_timing.c...
compiling amdr_hwconfig_pmu.c...
compiling amdr_hwconfig_rtc.c...
compiling amdr_hwconfig_spi.c...
compiling amdr_hwconfig_tpm_cap.c...
compiling amdr_hwconfig_tsi.c...
compiling amdr_hwconfig_tpm_pwm.c...
compiling amdr_hwconfig_tpm_timing.c...
compiling amdr_hwconfig_uart.c...
compiling amdr_hwconfig_wdt.c...
compiling readme.c...
compiling amdr_hwconfig_clk.c...
compiling am_mpu6050.c...
compiling am_key.c...
compiling inv_mpu_dmp_motion_driver.c...
compiling demo_std_low_fly_mouse.c...
compiling inv_mpu.c...
compiling am_imu.c...
linking...
Program Size: Code=34600 RO-data=1768 RW-data=3208 ZI-data=1736  
FromELF: creating hex file...
After Build - User command #1: C:\Keil_v5\\ARM\BIN\ELFDWT.EXE .\debug\img_keil_template.axf BASEADDRESS(0x00000000)
ELFDWT - Signature Creator V1.2.0.0
COPYRIGHT Copyright (C) 2014-2016, ARM Ldt. and  ARM Germany GmbH
*** Updated Signature over Range[32] (0x00000000 - 0x00000018): @0x0000001C = 0xDFFFF52F
*** Processing completed, no Errors.
".\debug\img_keil_template.axf" - 0 Error(s), 0 Warning(s).

<h2>Collection of Component include folders:</h2>
  G:\毕设\学校答辩版\程序与电路图文件夹\软件\ametal_easy_arm_amks16z\project_keil\applications\template\RTE
  C:\Keil_v5\ARM\PACK\Keil\Kinetis_KLxx_DFP\1.15.0\Device\Include

<h2>Collection of Component Files used:</h2>
Build Time Elapsed:  00:00:08
</pre>
</body>
</html>
