Component: ARM Compiler 5.06 update 3 (build 300) Tool: armlink [4d35c9]

==============================================================================

Section Cross References

    am_i2c.o(i.__i2c_callback) refers to am_i2c.o(.data) for __g_trans_stat
    am_i2c.o(i.am_i2c_read) refers to am_i2c.o(i.am_i2c_mktrans) for am_i2c_mktrans
    am_i2c.o(i.am_i2c_read) refers to am_i2c.o(i.am_i2c_transfer) for am_i2c_transfer
    am_i2c.o(i.am_i2c_read) refers to am_i2c.o(i.am_wait_on) for am_wait_on
    am_i2c.o(i.am_i2c_read) refers to am_i2c.o(i.__i2c_callback) for __i2c_callback
    am_i2c.o(i.am_i2c_read) refers to am_i2c.o(.data) for __g_trans_stat
    am_i2c.o(i.am_i2c_write) refers to am_i2c.o(i.am_i2c_mktrans) for am_i2c_mktrans
    am_i2c.o(i.am_i2c_write) refers to am_i2c.o(i.am_i2c_transfer) for am_i2c_transfer
    am_i2c.o(i.am_i2c_write) refers to am_i2c.o(i.am_wait_on) for am_wait_on
    am_i2c.o(i.am_i2c_write) refers to am_i2c.o(i.__i2c_callback) for __i2c_callback
    am_i2c.o(i.am_i2c_write) refers to am_i2c.o(.data) for __g_trans_stat
    am_ringbuf.o(i.am_ringbuf_insert) refers to am_ringbuf.o(i.am_ringbuf_isfull) for am_ringbuf_isfull
    am_ringbuf.o(i.am_ringbuf_insert) refers to rt_memcpy.o(.text) for __aeabi_memcpy
    am_ringbuf.o(i.am_ringbuf_insert_mult) refers to am_ringbuf.o(i.am_ringbuf_isfull) for am_ringbuf_isfull
    am_ringbuf.o(i.am_ringbuf_insert_mult) refers to am_ringbuf.o(i.am_ringbuf_size_used_get) for am_ringbuf_size_used_get
    am_ringbuf.o(i.am_ringbuf_insert_mult) refers to rt_memcpy.o(.text) for __aeabi_memcpy
    am_ringbuf.o(i.am_ringbuf_isfull) refers to am_ringbuf.o(i.am_ringbuf_size_used_get) for am_ringbuf_size_used_get
    am_ringbuf.o(i.am_ringbuf_pop) refers to am_ringbuf.o(i.am_ringbuf_isempty) for am_ringbuf_isempty
    am_ringbuf.o(i.am_ringbuf_pop) refers to rt_memcpy.o(.text) for __aeabi_memcpy
    am_ringbuf.o(i.am_ringbuf_pop_mult) refers to am_ringbuf.o(i.am_ringbuf_isempty) for am_ringbuf_isempty
    am_ringbuf.o(i.am_ringbuf_pop_mult) refers to am_ringbuf.o(i.am_ringbuf_size_used_get) for am_ringbuf_size_used_get
    am_ringbuf.o(i.am_ringbuf_pop_mult) refers to rt_memcpy.o(.text) for __aeabi_memcpy
    am_spi.o(i.__transfer_complete) refers to am_spi.o(.data) for __g_trans_stat
    am_spi.o(i.am_spi_write_then_read) refers to am_spi.o(i.am_spi_mktrans) for am_spi_mktrans
    am_spi.o(i.am_spi_write_then_read) refers to am_spi.o(i.am_spi_transfer) for am_spi_transfer
    am_spi.o(i.am_spi_write_then_read) refers to am_spi.o(i.am_wait_on) for am_wait_on
    am_spi.o(i.am_spi_write_then_read) refers to am_spi.o(i.__transfer_complete) for __transfer_complete
    am_spi.o(i.am_spi_write_then_read) refers to am_spi.o(.data) for __g_trans_stat
    am_spi.o(i.am_spi_write_then_write) refers to am_spi.o(i.am_spi_mktrans) for am_spi_mktrans
    am_spi.o(i.am_spi_write_then_write) refers to am_spi.o(i.am_spi_transfer) for am_spi_transfer
    am_spi.o(i.am_spi_write_then_write) refers to am_spi.o(i.am_wait_on) for am_wait_on
    am_spi.o(i.am_spi_write_then_write) refers to am_spi.o(i.__transfer_complete) for __transfer_complete
    am_spi.o(i.am_spi_write_then_write) refers to am_spi.o(.data) for __g_trans_stat
    am_uart_int.o(i.__usart_int_rxchar_put) refers to am_uart_int.o(i.am_wait_done) for am_wait_done
    am_uart_int.o(i.__usart_int_txchar_get) refers to am_uart_int.o(i.am_wait_done) for am_wait_done
    am_uart_int.o(i.am_uart_int_init) refers to am_uart_int.o(i.am_uart_callback_set) for am_uart_callback_set
    am_uart_int.o(i.am_uart_int_init) refers to am_uart_int.o(i.__usart_int_txchar_get) for __usart_int_txchar_get
    am_uart_int.o(i.am_uart_int_init) refers to am_uart_int.o(i.__usart_int_rxchar_put) for __usart_int_rxchar_put
    am_uart_int.o(i.am_uart_int_receive) refers to am_uart_int.o(i.am_wait_on) for am_wait_on
    am_uart_int.o(i.am_uart_int_send) refers to am_uart_int.o(i.am_wait_on) for am_wait_on
    am_uart_int.o(i.am_uart_int_time_out_receive) refers to am_delay.o(i.am_mdelay) for am_mdelay
    am_uart_ringbuf.o(i.__uart_ringbuf_rxchar_put) refers to am_uart_ringbuf.o(i.am_ringbuf_size_used_get) for am_ringbuf_size_used_get
    am_uart_ringbuf.o(i.__uart_ringbuf_rxchar_put) refers to aeabi_sdiv.o(.text) for __aeabi_uidivmod
    am_uart_ringbuf.o(i.__uart_ringbuf_rxchar_put) refers to am_uart_ringbuf.o(i.am_uart_ioctl) for am_uart_ioctl
    am_uart_ringbuf.o(i.__uart_ringbuf_rxchar_put) refers to am_ringbuf.o(i.am_ringbuf_insert) for am_ringbuf_insert
    am_uart_ringbuf.o(i.__uart_ringbuf_rxchar_put) refers to am_uart_ringbuf.o(.data) for __g_uart_flowctrl_flag
    am_uart_ringbuf.o(i.__uart_ringbuf_txchar_get) refers to am_ringbuf.o(i.am_ringbuf_pop) for am_ringbuf_pop
    am_uart_ringbuf.o(i.am_uart_ringbuf_init) refers to am_ringbuf.o(i.am_ringbuf_init) for am_ringbuf_init
    am_uart_ringbuf.o(i.am_uart_ringbuf_init) refers to am_uart_ringbuf.o(i.am_uart_ioctl) for am_uart_ioctl
[...]
    __rt_lib_init_heap_1                     0x00000205   Thumb Code     0  libinit2.o(.ARM.Collect$$libinit$$0000000A)
    __rt_lib_init_lc_common                  0x00000205   Thumb Code     0  libinit2.o(.ARM.Collect$$libinit$$0000000F)
    __rt_lib_init_preinit_1                  0x00000205   Thumb Code     0  libinit2.o(.ARM.Collect$$libinit$$00000004)
    __rt_lib_init_rand_1                     0x00000205   Thumb Code     0  libinit2.o(.ARM.Collect$$libinit$$0000000E)
    __rt_lib_init_user_alloc_1               0x00000205   Thumb Code     0  libinit2.o(.ARM.Collect$$libinit$$0000000C)
    __rt_lib_init_lc_collate_1               0x0000020b   Thumb Code     0  libinit2.o(.ARM.Collect$$libinit$$00000011)
    __rt_lib_init_lc_ctype_2                 0x0000020b   Thumb Code     0  libinit2.o(.ARM.Collect$$libinit$$00000012)
    __rt_lib_init_lc_ctype_1                 0x00000217   Thumb Code     0  libinit2.o(.ARM.Collect$$libinit$$00000013)
    __rt_lib_init_lc_monetary_1              0x00000217   Thumb Code     0  libinit2.o(.ARM.Collect$$libinit$$00000015)
    __rt_lib_init_lc_numeric_2               0x00000217   Thumb Code     0  libinit2.o(.ARM.Collect$$libinit$$00000016)
    __rt_lib_init_alloca_1                   0x00000221   Thumb Code     0  libinit2.o(.ARM.Collect$$libinit$$0000002E)
    __rt_lib_init_argv_1                     0x00000221   Thumb Code     0  libinit2.o(.ARM.Collect$$libinit$$0000002C)
    __rt_lib_init_atexit_1                   0x00000221   Thumb Code     0  libinit2.o(.ARM.Collect$$libinit$$0000001B)
    __rt_lib_init_clock_1                    0x00000221   Thumb Code     0  libinit2.o(.ARM.Collect$$libinit$$00000021)
    __rt_lib_init_cpp_1                      0x00000221   Thumb Code     0  libinit2.o(.ARM.Collect$$libinit$$00000032)
    __rt_lib_init_exceptions_1               0x00000221   Thumb Code     0  libinit2.o(.ARM.Collect$$libinit$$00000030)
    __rt_lib_init_fp_trap_1                  0x00000221   Thumb Code     0  libinit2.o(.ARM.Collect$$libinit$$0000001F)
    __rt_lib_init_getenv_1                   0x00000221   Thumb Code     0  libinit2.o(.ARM.Collect$$libinit$$00000023)
    __rt_lib_init_lc_numeric_1               0x00000221   Thumb Code     0  libinit2.o(.ARM.Collect$$libinit$$00000017)
    __rt_lib_init_lc_time_1                  0x00000221   Thumb Code     0  libinit2.o(.ARM.Collect$$libinit$$00000019)
    __rt_lib_init_return                     0x00000221   Thumb Code     0  libinit2.o(.ARM.Collect$$libinit$$00000033)
    __rt_lib_init_signal_1                   0x00000221   Thumb Code     0  libinit2.o(.ARM.Collect$$libinit$$0000001D)
    __rt_lib_init_stdio_1                    0x00000221   Thumb Code     0  libinit2.o(.ARM.Collect$$libinit$$00000025)
    __rt_lib_shutdown                        0x00000223   Thumb Code     0  libshutdown.o(.ARM.Collect$$libshutdown$$00000000)
    __rt_lib_shutdown_cpp_1                  0x00000225   Thumb Code     0  libshutdown2.o(.ARM.Collect$$libshutdown$$00000002)
    __rt_lib_shutdown_fp_trap_1              0x00000225   Thumb Code     0  libshutdown2.o(.ARM.Collect$$libshutdown$$00000007)
    __rt_lib_shutdown_heap_1                 0x00000225   Thumb Code     0  libshutdown2.o(.ARM.Collect$$libshutdown$$0000000F)
    __rt_lib_shutdown_return                 0x00000225   Thumb Code     0  libshutdown2.o(.ARM.Collect$$libshutdown$$00000010)
    __rt_lib_shutdown_signal_1               0x00000225   Thumb Code     0  libshutdown2.o(.ARM.Collect$$libshutdown$$0000000A)
    __rt_lib_shutdown_stdio_1                0x00000225   Thumb Code     0  libshutdown2.o(.ARM.Collect$$libshutdown$$00000004)
    __rt_lib_shutdown_user_alloc_1           0x00000225   Thumb Code     0  libshutdown2.o(.ARM.Collect$$libshutdown$$0000000C)
    __rt_entry                               0x00000227   Thumb Code     0  __rtentry.o(.ARM.Collect$$rtentry$$00000000)
    __rt_entry_presh_1                       0x00000227   Thumb Code     0  __rtentry2.o(.ARM.Collect$$rtentry$$00000002)
    __rt_entry_sh                            0x00000227   Thumb Code     0  __rtentry4.o(.ARM.Collect$$rtentry$$00000004)
    __rt_entry_li                            0x0000022d   Thumb Code     0  __rtentry2.o(.ARM.Collect$$rtentry$$0000000A)
    __rt_entry_postsh_1                      0x0000022d   Thumb Code     0  __rtentry2.o(.ARM.Collect$$rtentry$$00000009)
    __rt_entry_main                          0x00000231   Thumb Code     0  __rtentry2.o(.ARM.Collect$$rtentry$$0000000D)
    __rt_entry_postli_1                      0x00000231   Thumb Code     0  __rtentry2.o(.ARM.Collect$$rtentry$$0000000C)
    __rt_exit                                0x00000239   Thumb Code     0  rtexit.o(.ARM.Collect$$rtexit$$00000000)
    __rt_exit_ls                             0x0000023b   Thumb Code     0  rtexit2.o(.ARM.Collect$$rtexit$$00000003)
    __rt_exit_prels_1                        0x0000023b   Thumb Code     0  rtexit2.o(.ARM.Collect$$rtexit$$00000002)
    __rt_exit_exit                           0x0000023f   Thumb Code     0  rtexit2.o(.ARM.Collect$$rtexit$$00000004)
    __aeabi_memcpy4                          0x00000245   Thumb Code    56  rt_memcpy.o(.emb_text)
    __aeabi_memcpy8                          0x00000245   Thumb Code     0  rt_memcpy.o(.emb_text)
    Reset_Handler                            0x0000027d   Thumb Code     4  startup_mkl16z4.o(.text)
    NMI_Handler                              0x00000281   Thumb Code     2  startup_mkl16z4.o(.text)
    HardFault_Handler                        0x00000283   Thumb Code     2  startup_mkl16z4.o(.text)
    SVC_Handler                              0x00000285   Thumb Code     2  startup_mkl16z4.o(.text)
    PendSV_Handler                           0x00000287   Thumb Code     2  startup_mkl16z4.o(.text)
    SysTick_Handler                          0x00000289   Thumb Code     2  startup_mkl16z4.o(.text)
    __user_initial_stackheap                 0x0000028d   Thumb Code     0  startup_mkl16z4.o(.text)
    __aeabi_lmul                             0x000002a9   Thumb Code    48  llmul.o(.text)
    _ll_mul                                  0x000002a9   Thumb Code     0  llmul.o(.text)
    __aeabi_uldivmod                         0x000002d9   Thumb Code   258  lludiv.o(.text)
    _ll_udiv                                 0x000002d9   Thumb Code     0  lludiv.o(.text)
    __c89vprintf                             0x000003dd   Thumb Code    12  c89vprintf.o(.text)
    __aeabi_memset                           0x000003ed   Thumb Code    18  aeabi_memset.o(.text)
    _sys_exit                                0x000003ff   Thumb Code     2  am_debug.o(i._sys_exit)
    memcmp                                   0x00000411   Thumb Code    90  memcmp.o(.text)
    _memset_w                                0x0000046b   Thumb Code    26  rt_memclr.o(.text)
    _memset                                  0x00000485   Thumb Code    30  rt_memclr.o(.text)
    __aeabi_memclr                           0x000004a3   Thumb Code     4  rt_memclr.o(.text)
    __rt_memclr                              0x000004a3   Thumb Code     0  rt_memclr.o(.text)
    __aeabi_memclr4                          0x000004a7   Thumb Code     0  rt_memclr.o(.text)
    __aeabi_memclr8                          0x000004a7   Thumb Code     0  rt_memclr.o(.text)
    __rt_memclr_w                            0x000004a7   Thumb Code     4  rt_memclr.o(.text)
    __aeabi_uidiv                            0x000004ab   Thumb Code     0  aeabi_sdiv.o(.text)
    __aeabi_uidivmod                         0x000004ab   Thumb Code    20  aeabi_sdiv.o(.text)
    __aeabi_idiv                             0x000004bf   Thumb Code     0  aeabi_sdiv.o(.text)
    __aeabi_idivmod                          0x000004bf   Thumb Code   326  aeabi_sdiv.o(.text)
    __use_two_region_memory                  0x00000605   Thumb Code     2  heapauxi.o(.text)
    __rt_heap_escrow$2region                 0x00000607   Thumb Code     2  heapauxi.o(.text)
    __rt_heap_expand$2region                 0x00000609   Thumb Code     2  heapauxi.o(.text)
    __aeabi_d2f                              0x0000060d   Thumb Code     0  d2f.o(.text)
    _d2f                                     0x0000060d   Thumb Code   120  d2f.o(.text)
    __aeabi_dadd                             0x00000981   Thumb Code     0  daddsub.o(.text)
    _dadd                                    0x00000981   Thumb Code    26  daddsub.o(.text)
    __aeabi_dsub                             0x0000099b   Thumb Code     0  daddsub.o(.text)
    _dsub                                    0x0000099b   Thumb Code    22  daddsub.o(.text)
    __aeabi_drsub                            0x000009b1   Thumb Code     0  daddsub.o(.text)
    _drsb                                    0x000009b1   Thumb Code    28  daddsub.o(.text)
    __aeabi_ddiv                             0x000009e1   Thumb Code     0  ddiv.o(.text)
    _ddiv                                    0x000009e1   Thumb Code  1072  ddiv.o(.text)
    _drdiv                                   0x00000e11   Thumb Code    20  ddiv.o(.text)
    __aeabi_dmul                             0x00000e29   Thumb Code     0  dmul.o(.text)
    _dmul                                    0x00000e29   Thumb Code   558  dmul.o(.text)
    __aeabi_f2d                              0x00001071   Thumb Code     0  f2d.o(.text)
    _f2d                                     0x00001071   Thumb Code    80  f2d.o(.text)
    __aeabi_fdiv                             0x000010c5   Thumb Code     0  fdiv.o(.text)
    _fdiv                                    0x000010c5   Thumb Code   334  fdiv.o(.text)
    _frdiv                                   0x00001213   Thumb Code     8  fdiv.o(.text)
    __aeabi_f2iz                             0x00001225   Thumb Code     0  ffixi.o(.text)
    _ffix                                    0x00001225   Thumb Code    76  ffixi.o(.text)
    __aeabi_f2uiz                            0x00001271   Thumb Code     0  ffixui.o(.text)
    _ffixu                                   0x00001271   Thumb Code    48  ffixui.o(.text)
    __aeabi_i2f_normalise                    0x000012a1   Thumb Code    72  fflti.o(.text)
    __aeabi_i2f                              0x000012e9   Thumb Code    16  fflti.o(.text)
    _fflt                                    0x000012e9   Thumb Code     0  fflti.o(.text)
    __aeabi_ui2f                             0x000012f9   Thumb Code     6  fflti.o(.text)
    _ffltu                                   0x000012f9   Thumb Code     0  fflti.o(.text)
    __read_errno                             0x000012ff   Thumb Code    10  _rserrno.o(.text)
    __set_errno                              0x00001309   Thumb Code    12  _rserrno.o(.text)
    _printf_pre_padding                      0x00001315   Thumb Code    44  _printf_pad.o(.text)
    _printf_post_padding                     0x00001341   Thumb Code    34  _printf_pad.o(.text)
    _printf_truncate_signed                  0x00001363   Thumb Code    18  _printf_truncate.o(.text)
    _printf_truncate_unsigned                0x00001375   Thumb Code    18  _printf_truncate.o(.text)
    _printf_str                              0x00001387   Thumb Code    82  _printf_str.o(.text)
    _printf_int_dec                          0x000013d9   Thumb Code    90  _printf_dec.o(.text)
    _printf_charcount                        0x00001445   Thumb Code    38  _printf_charcount.o(.text)
    _printf_char_file                        0x0000146d   Thumb Code    34  _printf_char_file.o(.text)
    _printf_wctomb                           0x00001495   Thumb Code   182  _printf_wctomb.o(.text)
    _printf_longlong_dec                     0x00001551   Thumb Code    94  _printf_longlong_dec.o(.text)
    _printf_longlong_oct                     0x000015c1   Thumb Code    68  _printf_oct_int_ll.o(.text)
    _printf_int_oct                          0x00001605   Thumb Code    24  _printf_oct_int_ll.o(.text)
    _printf_ll_oct                           0x0000161d   Thumb Code    10  _printf_oct_int_ll.o(.text)
    _printf_longlong_hex                     0x00001631   Thumb Code    88  _printf_hex_int_ll_ptr.o(.text)
    _printf_int_hex                          0x00001689   Thumb Code    28  _printf_hex_int_ll_ptr.o(.text)
    _printf_ll_hex                           0x000016a5   Thumb Code    10  _printf_hex_int_ll_ptr.o(.text)
    _printf_hex_ptr                          0x000016af   Thumb Code    22  _printf_hex_int_ll_ptr.o(.text)
    __printf                                 0x000016c9   Thumb Code   386  __printf_flags_ss_wp.o(.text)
    __ARM_scalbn                             0x00001851   Thumb Code    84  dscalbn.o(.text)
    _dsqrt                                   0x000018b1   Thumb Code   248  dsqrt.o(.text)
    __aeabi_errno_addr                       0x000019b1   Thumb Code     8  rt_errno_addr_intlibspace.o(.text)
    __errno$intlibspace                      0x000019b1   Thumb Code     0  rt_errno_addr_intlibspace.o(.text)
    __rt_errno_addr$intlibspace              0x000019b1   Thumb Code     0  rt_errno_addr_intlibspace.o(.text)
    _ll_udiv10                               0x000019b9   Thumb Code   122  lludiv10.o(.text)
    _printf_int_common                       0x00001a33   Thumb Code   176  _printf_intcommon.o(.text)
    __lib_sel_fp_printf                      0x00001ae5   Thumb Code     2  _printf_fp_dec.o(.text)
    _printf_fp_dec_real                      0x00001c7f   Thumb Code   620  _printf_fp_dec.o(.text)
    _printf_char_common                      0x00001f03   Thumb Code    32  _printf_char_common.o(.text)
    _printf_cs_common                        0x00001f29   Thumb Code    22  _printf_char.o(.text)
    _printf_char                             0x00001f3f   Thumb Code    16  _printf_char.o(.text)
    _printf_string                           0x00001f4f   Thumb Code     8  _printf_char.o(.text)
    _printf_lcs_common                       0x00001f57   Thumb Code    22  _printf_wchar.o(.text)
    _printf_wchar                            0x00001f6d   Thumb Code    16  _printf_wchar.o(.text)
    _printf_wstring                          0x00001f7d   Thumb Code     8  _printf_wchar.o(.text)
    ferror                                   0x00001f85   Thumb Code     8  ferror.o(.text)
    _wcrtomb                                 0x00001f8d   Thumb Code    64  _wcrtomb.o(.text)
    __rt_udiv10                              0x00001fcd   Thumb Code    40  rtudiv10.o(.text)
    __user_libspace                          0x00001ff5   Thumb Code     8  libspace.o(.text)
    __user_perproc_libspace                  0x00001ff5   Thumb Code     0  libspace.o(.text)
    __user_perthread_libspace                0x00001ff5   Thumb Code     0  libspace.o(.text)
    __user_setup_stackheap                   0x00001ffd   Thumb Code    62  sys_stackheap_outer.o(.text)
    __rt_ctype_table                         0x0000203d   Thumb Code    16  rt_ctype_table.o(.text)
    __rt_locale                              0x0000204d   Thumb Code     8  rt_locale_intlibspace.o(.text)
    _printf_fp_infnan                        0x00002055   Thumb Code   120  _printf_fp_infnan.o(.text)
    _btod_etento                             0x000020dd   Thumb Code   196  bigflt0.o(.text)
    _btod_d2e                                0x000021a5   Thumb Code    64  btod.o(.text)
    _btod_emul                               0x0000259b   Thumb Code    24  btod.o(.text)
    _btod_emuld                              0x000025b3   Thumb Code    60  btod.o(.text)
    _btod_ediv                               0x000025ef   Thumb Code    22  btod.o(.text)
    _btod_edivd                              0x00002605   Thumb Code    60  btod.o(.text)
    exit                                     0x0000264d   Thumb Code    16  exit.o(.text)
    strcmp                                   0x0000265d   Thumb Code   132  strcmp.o(.text)
    __decompress                             0x000026e5   Thumb Code     0  __dczerorl2.o(.text)
    __decompress1                            0x000026e5   Thumb Code    86  __dczerorl2.o(.text)
    __ARM_common_ll_mulss                    0x0000273b   Thumb Code    48  inv_mpu_dmp_motion_driver.o(i.__ARM_common_ll_mulss)
    __ARM_common_ll_muluu                    0x0000276b   Thumb Code    48  am_adc.o(i.__ARM_common_ll_muluu)
    __ARM_common_switch8                     0x0000279b   Thumb Code    28  amdr_adc.o(i.__ARM_common_switch8)
    __ARM_fpclassify                         0x000027b9   Thumb Code    40  fpclassify.o(i.__ARM_fpclassify)
    __clk_fei_init                           0x000027e5   Thumb Code   120  amdr_clk.o(i.__clk_fei_init)
    __clk_pee_init                           0x00002869   Thumb Code   294  amdr_clk.o(i.__clk_pee_init)
    __fll_div_get                            0x00002a45   Thumb Code    26  amdr_clk.o(i.__fll_div_get)
    __i2c_callback                           0x00002a65   Thumb Code    16  am_i2c.o(i.__i2c_callback)
    __i2c_irq_handler                        0x00002b07   Thumb Code   152  amdr_i2c.o(i.__i2c_irq_handler)
    __i2c_mst_sm_event                       0x00002b9f   Thumb Code   104  amdr_i2c.o(i.__i2c_mst_sm_event)
    __kernel_poly                            0x00002ebf   Thumb Code   172  poly.o(i.__kernel_poly)
    __mathlib_dbl_infnan                     0x00002f6b   Thumb Code    10  dunder.o(i.__mathlib_dbl_infnan)
    __mathlib_dbl_infnan2                    0x00002f75   Thumb Code     8  dunder.o(i.__mathlib_dbl_infnan2)
    __mathlib_dbl_invalid                    0x00002f7d   Thumb Code    16  dunder.o(i.__mathlib_dbl_invalid)
    __mathlib_dbl_underflow                  0x00002f8d   Thumb Code    14  dunder.o(i.__mathlib_dbl_underflow)
    __pmu_cpu_wif                            0x00002fa1   Thumb Code    46  amdr_pmu.o(i.__pmu_cpu_wif)
    __pmu_lls_into                           0x00002fd5   Thumb Code    52  amdr_pmu.o(i.__pmu_lls_into)
    __pmu_stop_into                          0x00003011   Thumb Code    62  amdr_pmu.o(i.__pmu_stop_into)
    __pmu_vlls_into                          0x00003055   Thumb Code    82  amdr_pmu.o(i.__pmu_vlls_into)
    __pmu_vlpr_exit                          0x000030b1   Thumb Code    58  amdr_pmu.o(i.__pmu_vlpr_exit)
    __pmu_vlpr_into                          0x000030f1   Thumb Code    58  amdr_pmu.o(i.__pmu_vlpr_into)
    __pmu_vlps_into                          0x00003135   Thumb Code    38  amdr_pmu.o(i.__pmu_vlps_into)
    __pmu_wait_into                          0x00003161   Thumb Code    10  amdr_pmu.o(i.__pmu_wait_into)
    __uart_irq_handler                       0x00003291   Thumb Code    82  amdr_uart.o(i.__uart_irq_handler)
    __uart_irq_rx_handler                    0x000032e3   Thumb Code    40  amdr_uart.o(i.__uart_irq_rx_handler)
    __uart_irq_tx_handler                    0x0000330b   Thumb Code    66  amdr_uart.o(i.__uart_irq_tx_handler)
    __uart_mode_set                          0x0000334d   Thumb Code    54  amdr_uart.o(i.__uart_mode_set)
    __uart_opt_set                           0x00003389   Thumb Code   242  amdr_uart.o(i.__uart_opt_set)
    __usart_int_rxchar_put                   0x00003507   Thumb Code    50  am_uart_int.o(i.__usart_int_rxchar_put)
    __usart_int_txchar_get                   0x00003539   Thumb Code    52  am_uart_int.o(i.__usart_int_txchar_get)
    _is_digit                                0x0000356d   Thumb Code    14  __printf_wp.o(i._is_digit)
    am_board_init                            0x0000357d   Thumb Code    56  am_board.o(i.am_board_init)
    am_data_send                             0x000035c9   Thumb Code   144  demo_std_low_fly_mouse.o(i.am_data_send)
    am_debug_init                            0x00003661   Thumb Code   184  am_debug.o(i.am_debug_init)
    am_delay_init                            0x00003729   Thumb Code    84  am_delay.o(i.am_delay_init)
    am_exc_eint_handler                      0x0000379d   Thumb Code    88  amdr_int.o(i.am_exc_eint_handler)
    am_gpio_get                              0x000037f9   Thumb Code    48  amdr_gpio.o(i.am_gpio_get)
    am_gpio_pin_cfg                          0x0000382d   Thumb Code   448  amdr_gpio.o(i.am_gpio_pin_cfg)
    am_gpio_set                              0x000039f1   Thumb Code    86  amdr_gpio.o(i.am_gpio_set)
    am_gpio_trigger_cfg                      0x00003a4d   Thumb Code   168  amdr_gpio.o(i.am_gpio_trigger_cfg)
    am_i2c_read                              0x00003b0d   Thumb Code   204  am_i2c.o(i.am_i2c_read)
    am_i2c_write                             0x00003bf5   Thumb Code   198  am_i2c.o(i.am_i2c_write)
    am_int_connect                           0x00003cc5   Thumb Code   116  amdr_int.o(i.am_int_connect)
    am_int_disable                           0x00003d3d   Thumb Code    22  amdr_int.o(i.am_int_disable)
    am_int_enable                            0x00003d59   Thumb Code    28  amdr_int.o(i.am_int_enable)
    am_int_wake_up_cal                       0x00003d79   Thumb Code    92  am_key.o(i.am_int_wake_up_cal)
    am_int_wake_up_cfg                       0x00003dd9   Thumb Code   112  am_key.o(i.am_int_wake_up_cfg)
    am_int_wake_up_disable                   0x00003e49   Thumb Code    30  am_key.o(i.am_int_wake_up_disable)
    am_int_wake_up_enable                    0x00003e67   Thumb Code    30  am_key.o(i.am_int_wake_up_enable)
    am_kprintf                               0x00003e85   Thumb Code    32  am_debug.o(i.am_kprintf)
    am_matrix_key_init                       0x00003ea5   Thumb Code    76  am_key.o(i.am_matrix_key_init)
    am_matrix_key_scan                       0x00003ef1   Thumb Code   170  am_key.o(i.am_matrix_key_scan)
    am_matrix_key_scan_repeat                0x00003f9b   Thumb Code   102  am_key.o(i.am_matrix_key_scan_repeat)
    am_mdelay                                0x00004001   Thumb Code   146  am_delay.o(i.am_mdelay)
    am_mpu6050_acc_range_set                 0x000040a1   Thumb Code    66  am_mpu6050.o(i.am_mpu6050_acc_range_set)
    am_mpu6050_clk_select                    0x000040e3   Thumb Code    66  am_mpu6050.o(i.am_mpu6050_clk_select)
    am_mpu6050_fs_set                        0x00004125   Thumb Code    66  am_mpu6050.o(i.am_mpu6050_fs_set)
    am_mpu6050_gro_range_set                 0x00004167   Thumb Code    66  am_mpu6050.o(i.am_mpu6050_gro_range_set)
    am_mpu6050_init                          0x000041a9   Thumb Code   126  am_mpu6050.o(i.am_mpu6050_init)
    am_mpu6050_int_disable                   0x00004227   Thumb Code    60  am_mpu6050.o(i.am_mpu6050_int_disable)
    am_mpu6050_int_pin_set                   0x00004263   Thumb Code   262  am_mpu6050.o(i.am_mpu6050_int_pin_set)
    am_mpu6050_motion_thr_set                0x00004369   Thumb Code    34  am_mpu6050.o(i.am_mpu6050_motion_thr_set)
    am_mpu6050_reset_enable                  0x0000438b   Thumb Code    72  am_mpu6050.o(i.am_mpu6050_reset_enable)
    am_mpu6050_sample_rate_set               0x000043d3   Thumb Code    44  am_mpu6050.o(i.am_mpu6050_sample_rate_set)
    am_mpu6050_wake_enable                   0x000043ff   Thumb Code    70  am_mpu6050.o(i.am_mpu6050_wake_enable)
    am_mpu_dmp_get_data                      0x00004445   Thumb Code   560  inv_mpu.o(i.am_mpu_dmp_get_data)
    am_mpu_dmp_init                          0x00004681   Thumb Code   230  inv_mpu.o(i.am_mpu_dmp_init)
    am_mpu_read_len                          0x000048dd   Thumb Code    68  am_mpu6050.o(i.am_mpu_read_len)
    am_mpu_write_len                         0x00004925   Thumb Code    48  am_mpu6050.o(i.am_mpu_write_len)
    am_system_init                           0x00004959   Thumb Code    28  am_system.o(i.am_system_init)
    am_uart_int_init                         0x000049d5   Thumb Code    70  am_uart_int.o(i.am_uart_int_init)
    am_uart_int_send                         0x00004a25   Thumb Code    50  am_uart_int.o(i.am_uart_int_send)
    am_udelay                                0x00004a59   Thumb Code    60  am_delay.o(i.am_udelay)
    amdr_clk_bus_clkrate_get                 0x00004ac9   Thumb Code    36  amdr_clk.o(i.amdr_clk_bus_clkrate_get)
    amdr_clk_core_clkrate_get                0x00004af1   Thumb Code    34  amdr_clk.o(i.amdr_clk_core_clkrate_get)
    amdr_clk_init                            0x00004b19   Thumb Code   120  amdr_clk.o(i.amdr_clk_init)
    amdr_clk_mcgfllclk_rate_get              0x00004b9d   Thumb Code   162  amdr_clk.o(i.amdr_clk_mcgfllclk_rate_get)
    amdr_clk_mcgirclk_rate_get               0x00004c4d   Thumb Code    56  amdr_clk.o(i.amdr_clk_mcgirclk_rate_get)
    amdr_clk_mcgoutclk_rate_get              0x00004c8d   Thumb Code    68  amdr_clk.o(i.amdr_clk_mcgoutclk_rate_get)
    amdr_clk_mcgpllclk_rate_get              0x00004cd5   Thumb Code    56  amdr_clk.o(i.amdr_clk_mcgpllclk_rate_get)
    amdr_clk_mode_blpe2pee                   0x00004d11   Thumb Code   218  amdr_clk.o(i.amdr_clk_mode_blpe2pee)
    amdr_clk_mode_blpi2fei                   0x00004df1   Thumb Code   106  amdr_clk.o(i.amdr_clk_mode_blpi2fei)
    amdr_clk_mode_fei2blpi                   0x00004e5b   Thumb Code   106  amdr_clk.o(i.amdr_clk_mode_fei2blpi)
    amdr_clk_mode_get                        0x00004ec5   Thumb Code   150  amdr_clk.o(i.amdr_clk_mode_get)
    amdr_clk_mode_pee2blpe                   0x00004f61   Thumb Code   110  amdr_clk.o(i.amdr_clk_mode_pee2blpe)
    amdr_clk_oscclk_rate_get                 0x00004fd9   Thumb Code    36  amdr_clk.o(i.amdr_clk_oscclk_rate_get)
    amdr_clk_periph_rate_get                 0x00005005   Thumb Code   114  amdr_clk.o(i.amdr_clk_periph_rate_get)
    amdr_clk_tpm_rate_get                    0x000050a9   Thumb Code    70  amdr_clk.o(i.amdr_clk_tpm_rate_get)
    amdr_clk_uart0_rate_get                  0x000050ef   Thumb Code    70  amdr_clk.o(i.amdr_clk_uart0_rate_get)
    amdr_gpio_init                           0x00005135   Thumb Code    80  amdr_gpio.o(i.amdr_gpio_init)
    amdr_i2c_init                            0x00005189   Thumb Code    36  amdr_i2c.o(i.amdr_i2c_init)
    amdr_int_init                            0x000051b1   Thumb Code    92  amdr_int.o(i.amdr_int_init)
    amdr_pmu_init                            0x00005211   Thumb Code   310  amdr_pmu.o(i.amdr_pmu_init)
    amdr_pmu_mode_get                        0x0000534d   Thumb Code    22  amdr_pmu.o(i.amdr_pmu_mode_get)
    amdr_pmu_mode_into                       0x00005369   Thumb Code   316  amdr_pmu.o(i.amdr_pmu_mode_into)
    amdr_uart_init                           0x000054a9   Thumb Code   212  amdr_uart.o(i.amdr_uart_init)
    amhw_plfm_clk_init                       0x000057ed   Thumb Code    64  amdr_hwconfig_clk.o(i.amhw_plfm_clk_init)
    amhw_plfm_gpio_init                      0x00005839   Thumb Code    44  amdr_hwconfig_gpio.o(i.amhw_plfm_gpio_init)
    amhw_plfm_i2c0_init                      0x00005865   Thumb Code    30  amdr_hwconfig_i2c.o(i.amhw_plfm_i2c0_init)
    amhw_plfm_pmu_init                       0x00005885   Thumb Code    14  amdr_hwconfig_pmu.o(i.amhw_plfm_pmu_init)
    amhw_plfm_uart1_init                     0x00005899   Thumb Code    42  amdr_hwconfig_uart.o(i.amhw_plfm_uart1_init)
    amhw_uart_baudrate_set                   0x00005b81   Thumb Code   234  amhw_uart.o(i.amhw_uart_baudrate_set)
    asin                                     0x00005d01   Thumb Code   574  asin.o(i.asin)
    atan                                     0x00005f75   Thumb Code   472  atan.o(i.atan)
    atan2                                    0x00006191   Thumb Code   334  atan2.o(i.atan2)
    dmp_enable_6x_lp_quat                    0x00006371   Thumb Code    54  inv_mpu_dmp_motion_driver.o(i.dmp_enable_6x_lp_quat)
    dmp_enable_feature                       0x000063ad   Thumb Code   524  inv_mpu_dmp_motion_driver.o(i.dmp_enable_feature)
    dmp_enable_gyro_cal                      0x000065c9   Thumb Code    64  inv_mpu_dmp_motion_driver.o(i.dmp_enable_gyro_cal)
    dmp_enable_lp_quat                       0x00006621   Thumb Code    54  inv_mpu_dmp_motion_driver.o(i.dmp_enable_lp_quat)
    dmp_load_motion_driver_firmware          0x0000665d   Thumb Code    18  inv_mpu_dmp_motion_driver.o(i.dmp_load_motion_driver_firmware)
    dmp_read_fifo                            0x00006679   Thumb Code   460  inv_mpu_dmp_motion_driver.o(i.dmp_read_fifo)
    dmp_set_accel_bias                       0x00006849   Thumb Code   346  inv_mpu_dmp_motion_driver.o(i.dmp_set_accel_bias)
    dmp_set_fifo_rate                        0x000069a9   Thumb Code    94  inv_mpu_dmp_motion_driver.o(i.dmp_set_fifo_rate)
    dmp_set_gyro_bias                        0x00006a21   Thumb Code   316  inv_mpu_dmp_motion_driver.o(i.dmp_set_gyro_bias)
    dmp_set_orientation                      0x00006b65   Thumb Code   298  inv_mpu_dmp_motion_driver.o(i.dmp_set_orientation)
    dmp_set_shake_reject_thresh              0x00006ca9   Thumb Code    58  inv_mpu_dmp_motion_driver.o(i.dmp_set_shake_reject_thresh)
    dmp_set_shake_reject_time                0x00006ce3   Thumb Code    36  inv_mpu_dmp_motion_driver.o(i.dmp_set_shake_reject_time)
    dmp_set_shake_reject_timeout             0x00006d07   Thumb Code    36  inv_mpu_dmp_motion_driver.o(i.dmp_set_shake_reject_timeout)
    dmp_set_tap_axes                         0x00006d2b   Thumb Code    76  inv_mpu_dmp_motion_driver.o(i.dmp_set_tap_axes)
    dmp_set_tap_count                        0x00006d77   Thumb Code    38  inv_mpu_dmp_motion_driver.o(i.dmp_set_tap_count)
    dmp_set_tap_thresh                       0x00006d9d   Thumb Code   408  inv_mpu_dmp_motion_driver.o(i.dmp_set_tap_thresh)
    dmp_set_tap_time                         0x00006f49   Thumb Code    36  inv_mpu_dmp_motion_driver.o(i.dmp_set_tap_time)
    dmp_set_tap_time_multi                   0x00006f6d   Thumb Code    36  inv_mpu_dmp_motion_driver.o(i.dmp_set_tap_time_multi)
    fputc                                    0x00006f91   Thumb Code    30  am_debug.o(i.fputc)
    get_ms                                   0x00006fb5   Thumb Code     2  inv_mpu.o(i.get_ms)
    inv_orientation_matrix_to_scalar         0x00006fb7   Thumb Code    40  inv_mpu.o(i.inv_orientation_matrix_to_scalar)
    inv_row_2_scale                          0x00006fdf   Thumb Code    78  inv_mpu.o(i.inv_row_2_scale)
    main                                     0x0000702d   Thumb Code   608  demo_std_low_fly_mouse.o(i.main)
    mpu_configure_fifo                       0x00007315   Thumb Code   124  inv_mpu.o(i.mpu_configure_fifo)
    mpu_get_accel_fsr                        0x00007395   Thumb Code    76  inv_mpu.o(i.mpu_get_accel_fsr)
    mpu_get_accel_sens                       0x000073e5   Thumb Code    80  inv_mpu.o(i.mpu_get_accel_sens)
    mpu_get_fifo_config                      0x0000743d   Thumb Code    12  inv_mpu.o(i.mpu_get_fifo_config)
    mpu_get_gyro_fsr                         0x0000744d   Thumb Code    66  inv_mpu.o(i.mpu_get_gyro_fsr)
    mpu_get_lpf                              0x00007495   Thumb Code    76  inv_mpu.o(i.mpu_get_lpf)
    mpu_get_sample_rate                      0x000074e5   Thumb Code    28  inv_mpu.o(i.mpu_get_sample_rate)
    mpu_init                                 0x00007505   Thumb Code   436  inv_mpu.o(i.mpu_init)
    mpu_load_firmware                        0x00007709   Thumb Code   188  inv_mpu.o(i.mpu_load_firmware)
    mpu_lp_accel_mode                        0x000077c9   Thumb Code   216  inv_mpu.o(i.mpu_lp_accel_mode)
    mpu_lp_motion_interrupt                  0x000078a5   Thumb Code   524  inv_mpu.o(i.mpu_lp_motion_interrupt)
    mpu_read_fifo_stream                     0x00007ab5   Thumb Code   188  inv_mpu.o(i.mpu_read_fifo_stream)
    mpu_read_mem                             0x00007b75   Thumb Code   120  inv_mpu.o(i.mpu_read_mem)
    mpu_reset_fifo                           0x00007bf1   Thumb Code   480  inv_mpu.o(i.mpu_reset_fifo)
    mpu_set_accel_fsr                        0x00007dd5   Thumb Code   128  inv_mpu.o(i.mpu_set_accel_fsr)
    mpu_set_bypass                           0x00007e59   Thumb Code   348  inv_mpu.o(i.mpu_set_bypass)
    mpu_set_dmp_state                        0x00007fb9   Thumb Code   140  inv_mpu.o(i.mpu_set_dmp_state)
    mpu_set_gyro_fsr                         0x00008049   Thumb Code   142  inv_mpu.o(i.mpu_set_gyro_fsr)
    mpu_set_int_latched                      0x000080dd   Thumb Code   110  inv_mpu.o(i.mpu_set_int_latched)
    mpu_set_int_level                        0x00008151   Thumb Code    10  inv_mpu.o(i.mpu_set_int_level)
    mpu_set_lpf                              0x00008161   Thumb Code   128  inv_mpu.o(i.mpu_set_lpf)
    mpu_set_sample_rate                      0x000081e5   Thumb Code   162  inv_mpu.o(i.mpu_set_sample_rate)
    mpu_set_sensors                          0x0000828d   Thumb Code   220  inv_mpu.o(i.mpu_set_sensors)
    mpu_write_mem                            0x0000836d   Thumb Code   120  inv_mpu.o(i.mpu_write_mem)
    run_self_test                            0x000083e9   Thumb Code   144  inv_mpu.o(i.run_self_test)
    sqrt                                     0x0000852d   Thumb Code    66  sqrt.o(i.sqrt)
    _get_lc_numeric                          0x00008575   Thumb Code    44  lc_numeric_c.o(locale$$code)
    _get_lc_ctype                            0x000085a1   Thumb Code    44  lc_ctype_c.o(locale$$code)
    __aeabi_fadd                             0x000085cd   Thumb Code     0  faddsub.o(x$fpl$fadd)
    _fadd                                    0x000085cd   Thumb Code   134  faddsub.o(x$fpl$fadd)
    __aeabi_fmul                             0x00008659   Thumb Code     0  fmul.o(x$fpl$fmul)
    _fmul                                    0x00008659   Thumb Code   172  fmul.o(x$fpl$fmul)
    __aeabi_fsub                             0x00008709   Thumb Code     0  faddsub.o(x$fpl$fsub)
    _fsub                                    0x00008709   Thumb Code   204  faddsub.o(x$fpl$fsub)
    _printf_fp_dec                           0x000087d9   Thumb Code    16  printf1.o(x$fpl$printf1)
    __I$use$fp                               0x000087e8   Number         0  usenofp.o(x$fpl$usenofp)
    g_gpio_devinfo                           0x000088d0   Data          24  amdr_hwconfig_gpio.o(.constdata)
    g_i2c0_devinfo                           0x000088e8   Data          12  amdr_hwconfig_i2c.o(.constdata)
    g_i2c1_devinfo                           0x000088f4   Data          12  amdr_hwconfig_i2c.o(.constdata)
    g_int_devinfo                            0x00008900   Data          28  amdr_hwconfig_int.o(.constdata)
    g_pmu_devinfo                            0x0000891c   Data          20  amdr_hwconfig_pmu.o(.constdata)
    g_uart0_devinfo                          0x00008930   Data          16  amdr_hwconfig_uart.o(.constdata)
    g_uart1_devinfo                          0x00008940   Data          16  amdr_hwconfig_uart.o(.constdata)
    g_uart2_devinfo                          0x00008950   Data          16  amdr_hwconfig_uart.o(.constdata)
    g_clk_devinfo                            0x00008960   Data           8  amdr_hwconfig_clk.o(.constdata)
    hw                                       0x00008968   Data          12  inv_mpu.o(.constdata)
    reg                                      0x00008974   Data          27  inv_mpu.o(.constdata)
    test                                     0x00008990   Data          40  inv_mpu.o(.constdata)
    g_mpu6050_devinfo                        0x000089d0   Data           6  demo_std_low_fly_mouse.o(.constdata)
    g_matrix_key_devinfo                     0x000089d8   Data          16  demo_std_low_fly_mouse.o(.constdata)
    __mathlib_zero                           0x00008bd8   Data           8  qnan.o(.constdata)
    Region$$Table$$Base                      0x00008cc4   Number         0  anon$$obj.o(Region$$Table)
    Region$$Table$$Limit                     0x00008ce4   Number         0  anon$$obj.o(Region$$Table)
    __ctype                                  0x00008d0d   Data           0  lc_ctype_c.o(locale$$data)
    __g_us_ticks                             0x1ffff004   Data           4  am_delay.o(.data)
    __g_ms_ticks                             0x1ffff008   Data           4  am_delay.o(.data)
    __g_us_max                               0x1ffff00c   Data           4  am_delay.o(.data)
    __g_ms_max                               0x1ffff010   Data           4  am_delay.o(.data)
    __stdout                                 0x1ffff014   Data           4  am_debug.o(.data)
    __stdin                                  0x1ffff018   Data           4  am_debug.o(.data)
    __gp_gpio_dev                            0x1ffff01c   Data           4  amdr_gpio.o(.data)
    __gp_int_dev                             0x1ffff020   Data           4  amdr_int.o(.data)
    __gp_clk_dev                             0x1ffff028   Data           4  amdr_clk.o(.data)
    g_gpio_dev                               0x1ffff030   Data           8  amdr_hwconfig_gpio.o(.data)
    g_int_dev                                0x1ffff038   Data           8  amdr_hwconfig_int.o(.data)
    mpu6050_handle                           0x1ffff040   Data           4  am_mpu6050.o(.data)
    i2c_handle                               0x1ffffc74   Data           4  demo_std_low_fly_mouse.o(.data)
    uart1_handle                             0x1ffffc78   Data           4  demo_std_low_fly_mouse.o(.data)
    uart1_int_handle                         0x1ffffc7c   Data           4  demo_std_low_fly_mouse.o(.data)
    g_pst                                    0x1ffffc80   Data           3  demo_std_low_fly_mouse.o(.data)
    g_key_stat                               0x1ffffc84   Data           2  demo_std_low_fly_mouse.o(.data)
    g_last_key_stat                          0x1ffffc86   Data           2  demo_std_low_fly_mouse.o(.data)
    g_i2c0_dev                               0x1ffffc98   Data          24  amdr_hwconfig_i2c.o(.bss)
    g_i2c1_dev                               0x1ffffcb0   Data          24  amdr_hwconfig_i2c.o(.bss)
    __int_isr_infor                          0x1ffffcc8   Data         256  amdr_hwconfig_int.o(.bss)
    __int_isr_map                            0x1ffffdc8   Data          32  amdr_hwconfig_int.o(.bss)
    g_pmu_dev                                0x1ffffde8   Data          12  amdr_hwconfig_pmu.o(.bss)
    g_uart0_dev                              0x1ffffdf4   Data          52  amdr_hwconfig_uart.o(.bss)
    g_uart1_dev                              0x1ffffe28   Data          52  amdr_hwconfig_uart.o(.bss)
    g_uart2_dev                              0x1ffffe5c   Data          52  amdr_hwconfig_uart.o(.bss)
    g_clk_dev                                0x1ffffe90   Data          16  amdr_hwconfig_clk.o(.bss)
    g_mpu6050_dev                            0x1ffffea0   Data          16  am_mpu6050.o(.bss)
    g_uart1_int_dev                          0x1ffffec0   Data          24  demo_std_low_fly_mouse.o(.bss)
    g_bufferr                                0x1ffffed8   Data          12  demo_std_low_fly_mouse.o(.bss)
    g_last_bufferr                           0x1ffffee4   Data          12  demo_std_low_fly_mouse.o(.bss)
    __libspace_start                         0x1ffffef0   Data          96  libspace.o(.bss)
    __temporary_stack_top$libspace           0x1fffff50   Data           0  libspace.o(.bss)



==============================================================================

Memory Map of the image

  Image Entry point : 0x000000c1

  Load Region LR_IROM1 (Base: 0x00000000, Size: 0x00009a98, Max: 0x00020000, ABSOLUTE, COMPRESSED[0x0000975c])

    Execution Region ER_IROM1 (Base: 0x00000000, Size: 0x00008e10, Max: 0x00020000, ABSOLUTE)

    Base Addr    Size         Type   Attr      Idx    E Section Name        Object

    0x00000000   0x000000c0   Data   RO          729    RESET               startup_mkl16z4.o
    0x000000c0   0x00000008   Code   RO         5448  * !!!main             c_p.l(__main.o)
    0x000000c8   0x0000003c   Code   RO         5890    !!!scatter          c_p.l(__scatter.o)
    0x00000104   0x0000001c   Code   RO         5892    !!handler_zi        c_p.l(__scatter_zi.o)
    0x00000120   0x00000002   Code   RO         5614    .ARM.Collect$$_printf_percent$$00000000  c_p.l(_printf_percent.o)
    0x00000122   0x0000000a   Code   RO         5603    .ARM.Collect$$_printf_percent$$00000001  c_p.l(_printf_n.o)
    0x0000012c   0x0000000a   Code   RO         5605    .ARM.Collect$$_printf_percent$$00000002  c_p.l(_printf_p.o)
    0x00000136   0x0000000a   Code   RO         5610    .ARM.Collect$$_printf_percent$$00000003  c_p.l(_printf_f.o)
    0x00000140   0x0000000a   Code   RO         5611    .ARM.Collect$$_printf_percent$$00000004  c_p.l(_printf_e.o)
    0x0000014a   0x0000000a   Code   RO         5612    .ARM.Collect$$_printf_percent$$00000005  c_p.l(_printf_g.o)
    0x00000154   0x0000000a   Code   RO         5613    .ARM.Collect$$_printf_percent$$00000006  c_p.l(_printf_a.o)
    0x0000015e   0x0000000a   Code   RO         5618    .ARM.Collect$$_printf_percent$$00000007  c_p.l(_printf_ll.o)
    0x00000168   0x0000000a   Code   RO         5607    .ARM.Collect$$_printf_percent$$00000008  c_p.l(_printf_i.o)
    0x00000172   0x0000000a   Code   RO         5608    .ARM.Collect$$_printf_percent$$00000009  c_p.l(_printf_d.o)
    0x0000017c   0x0000000a   Code   RO         5609    .ARM.Collect$$_printf_percent$$0000000A  c_p.l(_printf_u.o)
    0x00000186   0x0000000a   Code   RO         5606    .ARM.Collect$$_printf_percent$$0000000B  c_p.l(_printf_o.o)
    0x00000190   0x0000000a   Code   RO         5604    .ARM.Collect$$_printf_percent$$0000000C  c_p.l(_printf_x.o)
    0x0000019a   0x0000000a   Code   RO         5615    .ARM.Collect$$_printf_percent$$0000000D  c_p.l(_printf_lli.o)
    0x000001a4   0x0000000a   Code   RO         5616    .ARM.Collect$$_printf_percent$$0000000E  c_p.l(_printf_lld.o)
    0x000001ae   0x0000000a   Code   RO         5617    .ARM.Collect$$_printf_percent$$0000000F  c_p.l(_printf_llu.o)
    0x000001b8   0x0000000a   Code   RO         5622    .ARM.Collect$$_printf_percent$$00000010  c_p.l(_printf_llo.o)
    0x000001c2   0x0000000a   Code   RO         5623    .ARM.Collect$$_printf_percent$$00000011  c_p.l(_printf_llx.o)
    0x000001cc   0x0000000a   Code   RO         5619    .ARM.Collect$$_printf_percent$$00000012  c_p.l(_printf_l.o)
    0x000001d6   0x0000000a   Code   RO         5601    .ARM.Collect$$_printf_percent$$00000013  c_p.l(_printf_c.o)
    0x000001e0   0x0000000a   Code   RO         5602    .ARM.Collect$$_printf_percent$$00000014  c_p.l(_printf_s.o)
    0x000001ea   0x0000000a   Code   RO         5620    .ARM.Collect$$_printf_percent$$00000015  c_p.l(_printf_lc.o)
    0x000001f4   0x0000000a   Code   RO         5621    .ARM.Collect$$_printf_percent$$00000016  c_p.l(_printf_ls.o)
    0x000001fe   0x00000004   Code   RO         5702    .ARM.Collect$$_printf_percent$$00000017  c_p.l(_printf_percent_end.o)
    0x00000202   0x00000002   Code   RO         5753    .ARM.Collect$$libinit$$00000000  c_p.l(libinit.o)
    0x00000204   0x00000000   Code   RO         5773    .ARM.Collect$$libinit$$00000002  c_p.l(libinit2.o)
    0x00000204   0x00000000   Code   RO         5775    .ARM.Collect$$libinit$$00000004  c_p.l(libinit2.o)
    0x00000204   0x00000000   Code   RO         5778    .ARM.Collect$$libinit$$0000000A  c_p.l(libinit2.o)
    0x00000204   0x00000000   Code   RO         5780    .ARM.Collect$$libinit$$0000000C  c_p.l(libinit2.o)
    0x00000204   0x00000000   Code   RO         5782    .ARM.Collect$$libinit$$0000000E  c_p.l(libinit2.o)
    0x00000204   0x00000006   Code   RO         5783    .ARM.Collect$$libinit$$0000000F  c_p.l(libinit2.o)
    0x0000020a   0x00000000   Code   RO         5785    .ARM.Collect$$libinit$$00000011  c_p.l(libinit2.o)
    0x0000020a   0x0000000c   Code   RO         5786    .ARM.Collect$$libinit$$00000012  c_p.l(libinit2.o)
    0x00000216   0x00000000   Code   RO         5787    .ARM.Collect$$libinit$$00000013  c_p.l(libinit2.o)
    0x00000216   0x00000000   Code   RO         5789    .ARM.Collect$$libinit$$00000015  c_p.l(libinit2.o)
    0x00000216   0x0000000a   Code   RO         5790    .ARM.Collect$$libinit$$00000016  c_p.l(libinit2.o)
    0x00000220   0x00000000   Code   RO         5791    .ARM.Collect$$libinit$$00000017  c_p.l(libinit2.o)
    0x00000220   0x00000000   Code   RO         5793    .ARM.Collect$$libinit$$00000019  c_p.l(libinit2.o)
    0x00000220   0x00000000   Code   RO         5795    .ARM.Collect$$libinit$$0000001B  c_p.l(libinit2.o)
    0x00000220   0x00000000   Code   RO         5797    .ARM.Collect$$libinit$$0000001D  c_p.l(libinit2.o)
    0x00000220   0x00000000   Code   RO         5799    .ARM.Collect$$libinit$$0000001F  c_p.l(libinit2.o)
    0x00000220   0x00000000   Code   RO         5801    .ARM.Collect$$libinit$$00000021  c_p.l(libinit2.o)
    0x00000220   0x00000000   Code   RO         5803    .ARM.Collect$$libinit$$00000023  c_p.l(libinit2.o)
    0x00000220   0x00000000   Code   RO         5805    .ARM.Collect$$libinit$$00000025  c_p.l(libinit2.o)
    0x00000220   0x00000000   Code   RO         5809    .ARM.Collect$$libinit$$0000002C  c_p.l(libinit2.o)
    0x00000220   0x00000000   Code   RO         5811    .ARM.Collect$$libinit$$0000002E  c_p.l(libinit2.o)
    0x00000220   0x00000000   Code   RO         5813    .ARM.Collect$$libinit$$00000030  c_p.l(libinit2.o)
    0x00000220   0x00000000   Code   RO         5815    .ARM.Collect$$libinit$$00000032  c_p.l(libinit2.o)
    0x00000220   0x00000002   Code   RO         5816    .ARM.Collect$$libinit$$00000033  c_p.l(libinit2.o)
    0x00000222   0x00000002   Code   RO         5842    .ARM.Collect$$libshutdown$$00000000  c_p.l(libshutdown.o)
    0x00000224   0x00000000   Code   RO         5871    .ARM.Collect$$libshutdown$$00000002  c_p.l(libshutdown2.o)
    0x00000224   0x00000000   Code   RO         5873    .ARM.Collect$$libshutdown$$00000004  c_p.l(libshutdown2.o)
    0x00000224   0x00000000   Code   RO         5876    .ARM.Collect$$libshutdown$$00000007  c_p.l(libshutdown2.o)
    0x00000224   0x00000000   Code   RO         5879    .ARM.Collect$$libshutdown$$0000000A  c_p.l(libshutdown2.o)
    0x00000224   0x00000000   Code   RO         5881    .ARM.Collect$$libshutdown$$0000000C  c_p.l(libshutdown2.o)
    0x00000224   0x00000000   Code   RO         5884    .ARM.Collect$$libshutdown$$0000000F  c_p.l(libshutdown2.o)
    0x00000224   0x00000002   Code   RO         5885    .ARM.Collect$$libshutdown$$00000010  c_p.l(libshutdown2.o)
    0x00000226   0x00000000   Code   RO         5524    .ARM.Collect$$rtentry$$00000000  c_p.l(__rtentry.o)
    0x00000226   0x00000000   Code   RO         5669    .ARM.Collect$$rtentry$$00000002  c_p.l(__rtentry2.o)
    0x00000226   0x00000006   Code   RO         5681    .ARM.Collect$$rtentry$$00000004  c_p.l(__rtentry4.o)
    0x0000022c   0x00000000   Code   RO         5671    .ARM.Collect$$rtentry$$00000009  c_p.l(__rtentry2.o)
    0x0000022c   0x00000004   Code   RO         5672    .ARM.Collect$$rtentry$$0000000A  c_p.l(__rtentry2.o)
    0x00000230   0x00000000   Code   RO         5674    .ARM.Collect$$rtentry$$0000000C  c_p.l(__rtentry2.o)
    0x00000230   0x00000008   Code   RO         5675    .ARM.Collect$$rtentry$$0000000D  c_p.l(__rtentry2.o)
    0x00000238   0x00000002   Code   RO         5759    .ARM.Collect$$rtexit$$00000000  c_p.l(rtexit.o)
    0x0000023a   0x00000000   Code   RO         5818    .ARM.Collect$$rtexit$$00000002  c_p.l(rtexit2.o)
    0x0000023a   0x00000004   Code   RO         5819    .ARM.Collect$$rtexit$$00000003  c_p.l(rtexit2.o)
    0x0000023e   0x00000006   Code   RO         5820    .ARM.Collect$$rtexit$$00000004  c_p.l(rtexit2.o)
    0x00000244   0x00000038   Code   RO         5434    .emb_text           c_p.l(rt_memcpy.o)
    0x0000027c   0x0000002c   Code   RO          731    .text               startup_mkl16z4.o
    0x000002a8   0x00000030   Code   RO         5424    .text               c_p.l(llmul.o)
    0x000002d8   0x00000102   Code   RO         5428    .text               c_p.l(lludiv.o)
    0x000003da   0x00000002   PAD
    0x000003dc   0x00000010   Code   RO         5430    .text               c_p.l(c89vprintf.o)
    0x000003ec   0x00000012   Code   RO         5438    .text               c_p.l(aeabi_memset.o)
    0x000003fe   0x00000002   Code   RO          909    i._sys_exit         am_debug.o
    0x00000400   0x00000010   Code   RO          730    .ARM.__at_0x400     startup_mkl16z4.o
    0x00000410   0x0000005a   Code   RO         5432    .text               c_p.l(memcmp.o)
    0x0000046a   0x00000040   Code   RO         5440    .text               c_p.l(rt_memclr.o)
    0x000004aa   0x0000015a   Code   RO         5442    .text               c_p.l(aeabi_sdiv.o)
    0x00000604   0x00000006   Code   RO         5446    .text               c_p.l(heapauxi.o)
    0x0000060a   0x00000002   PAD
    0x0000060c   0x0000007c   Code   RO         5450    .text               fz_ps.l(d2f.o)
    0x00000688   0x00000358   Code   RO         5452    .text               fz_ps.l(daddsub.o)
    0x000009e0   0x00000448   Code   RO         5454    .text               fz_ps.l(ddiv.o)
    0x00000e28   0x00000248   Code   RO         5461    .text               fz_ps.l(dmul.o)
    0x00001070   0x00000054   Code   RO         5465    .text               fz_ps.l(f2d.o)
    0x000010c4   0x00000160   Code   RO         5473    .text               fz_ps.l(fdiv.o)
    0x00001224   0x0000004c   Code   RO         5478    .text               fz_ps.l(ffixi.o)
    0x00001270   0x00000030   Code   RO         5480    .text               fz_ps.l(ffixui.o)
    0x000012a0   0x0000005e   Code   RO         5482    .text               fz_ps.l(fflti.o)
    0x000012fe   0x00000016   Code   RO         5533    .text               c_p.l(_rserrno.o)
    0x00001314   0x0000004e   Code   RO         5537    .text               c_p.l(_printf_pad.o)
    0x00001362   0x00000024   Code   RO         5539    .text               c_p.l(_printf_truncate.o)
    0x00001386   0x00000052   Code   RO         5541    .text               c_p.l(_printf_str.o)
    0x000013d8   0x0000006c   Code   RO         5543    .text               c_p.l(_printf_dec.o)
    0x00001444   0x00000026   Code   RO         5545    .text               c_p.l(_printf_charcount.o)
    0x0000146a   0x00000002   PAD
    0x0000146c   0x00000028   Code   RO         5547    .text               c_p.l(_printf_char_file.o)
    0x00001494   0x000000bc   Code   RO         5549    .text               c_p.l(_printf_wctomb.o)
    0x00001550   0x00000070   Code   RO         5552    .text               c_p.l(_printf_longlong_dec.o)
    0x000015c0   0x00000070   Code   RO         5558    .text               c_p.l(_printf_oct_int_ll.o)
    0x00001630   0x00000098   Code   RO         5578    .text               c_p.l(_printf_hex_int_ll_ptr.o)
    0x000016c8   0x00000188   Code   RO         5598    .text               c_p.l(__printf_flags_ss_wp.o)
    0x00001850   0x00000060   Code   RO         5628    .text               fz_ps.l(dscalbn.o)
    0x000018b0   0x00000100   Code   RO         5630    .text               fz_ps.l(dsqrt.o)
    0x000019b0   0x00000008   Code   RO         5688    .text               c_p.l(rt_errno_addr_intlibspace.o)
    0x000019b8   0x0000007a   Code   RO         5690    .text               c_p.l(lludiv10.o)
    0x00001a32   0x000000b0   Code   RO         5692    .text               c_p.l(_printf_intcommon.o)
    0x00001ae2   0x00000002   PAD
    0x00001ae4   0x00000414   Code   RO         5694    .text               c_p.l(_printf_fp_dec.o)
    0x00001ef8   0x00000030   Code   RO         5696    .text               c_p.l(_printf_char_common.o)
    0x00001f28   0x0000002e   Code   RO         5698    .text               c_p.l(_printf_char.o)
    0x00001f56   0x0000002e   Code   RO         5700    .text               c_p.l(_printf_wchar.o)
    0x00001f84   0x00000008   Code   RO         5703    .text               c_p.l(ferror.o)
    0x00001f8c   0x00000040   Code   RO         5707    .text               c_p.l(_wcrtomb.o)
    0x00001fcc   0x00000028   Code   RO         5709    .text               c_p.l(rtudiv10.o)
    0x00001ff4   0x00000008   Code   RO         5717    .text               c_p.l(libspace.o)
    0x00001ffc   0x0000003e   Code   RO         5720    .text               c_p.l(sys_stackheap_outer.o)
    0x0000203a   0x00000002   PAD
    0x0000203c   0x00000010   Code   RO         5723    .text               c_p.l(rt_ctype_table.o)
    0x0000204c   0x00000008   Code   RO         5728    .text               c_p.l(rt_locale_intlibspace.o)
    0x00002054   0x00000088   Code   RO         5730    .text               c_p.l(_printf_fp_infnan.o)
    0x000020dc   0x000000c8   Code   RO         5734    .text               c_p.l(bigflt0.o)
    0x000021a4   0x000004a8   Code   RO         5737    .text               c_p.l(btod.o)
    0x0000264c   0x00000010   Code   RO         5742    .text               c_p.l(exit.o)
    0x0000265c   0x00000088   Code   RO         5770    .text               c_p.l(strcmp.o)
    0x000026e4   0x00000056   Code   RO         5888    .text               c_p.l(__dczerorl2.o)
    0x0000273a   0x00000030   Code   RO         4932    i.__ARM_common_ll_mulss  inv_mpu_dmp_motion_driver.o
    0x0000276a   0x00000030   Code   RO          430    i.__ARM_common_ll_muluu  am_adc.o
    0x0000279a   0x0000001c   Code   RO         1161    i.__ARM_common_switch8  amdr_adc.o
    0x000027b6   0x00000002   PAD
    0x000027b8   0x0000002c   Code   RO         5663    i.__ARM_fpclassify  m_ps.l(fpclassify.o)
    0x000027e4   0x00000084   Code   RO         2835    i.__clk_fei_init    amdr_clk.o
    0x00002868   0x00000134   Code   RO         2836    i.__clk_pee_init    amdr_clk.o
    0x0000299c   0x000000a6   Code   RO         3211    i.__err_cal         amhw_uart.o
    0x00002a42   0x00000002   PAD
    0x00002a44   0x00000020   Code   RO         2837    i.__fll_div_get     amdr_clk.o
    0x00002a64   0x00000014   Code   RO            1    i.__i2c_callback    am_i2c.o
    0x00002a78   0x0000002c   Code   RO         2709    i.__i2c_connect     amdr_i2c.o
    0x00002aa4   0x00000032   Code   RO         2710    i.__i2c_end_with_error  amdr_i2c.o
    0x00002ad6   0x00000030   Code   RO         2711    i.__i2c_hard_init   amdr_i2c.o
    0x00002b06   0x00000098   Code   RO         2712    i.__i2c_irq_handler  amdr_i2c.o
    0x00002b9e   0x00000068   Code   RO         2713    i.__i2c_mst_sm_event  amdr_i2c.o
    0x00002c06   0x00000094   Code   RO         2714    i.__i2c_recv_data   amdr_i2c.o
    0x00002c9a   0x0000006a   Code   RO         2715    i.__i2c_send_data   amdr_i2c.o
    0x00002d04   0x000000c0   Code   RO         2716    i.__i2c_speed_set   amdr_i2c.o
    0x00002dc4   0x000000fa   Code   RO         2717    i.__i2c_transfer    amdr_i2c.o
    0x00002ebe   0x000000ac   Code   RO         5665    i.__kernel_poly     m_ps.l(poly.o)
    0x00002f6a   0x0000000a   Code   RO         5650    i.__mathlib_dbl_infnan  m_ps.l(dunder.o)
    0x00002f74   0x00000008   Code   RO         5651    i.__mathlib_dbl_infnan2  m_ps.l(dunder.o)
    0x00002f7c   0x00000010   Code   RO         5652    i.__mathlib_dbl_invalid  m_ps.l(dunder.o)
    0x00002f8c   0x00000014   Code   RO         5655    i.__mathlib_dbl_underflow  m_ps.l(dunder.o)
    0x00002fa0   0x00000034   Code   RO         2335    i.__pmu_cpu_wif     amdr_pmu.o
    0x00002fd4   0x0000003c   Code   RO         2336    i.__pmu_lls_into    amdr_pmu.o
    0x00003010   0x00000044   Code   RO         2338    i.__pmu_stop_into   amdr_pmu.o
    0x00003054   0x0000005c   Code   RO         2339    i.__pmu_vlls_into   amdr_pmu.o
    0x000030b0   0x00000040   Code   RO         2340    i.__pmu_vlpr_exit   amdr_pmu.o
    0x000030f0   0x00000044   Code   RO         2341    i.__pmu_vlpr_into   amdr_pmu.o
    0x00003134   0x0000002c   Code   RO         2342    i.__pmu_vlps_into   amdr_pmu.o
    0x00003160   0x0000000a   Code   RO         2343    i.__pmu_wait_into   amdr_pmu.o
    0x0000316a   0x00000034   Code   RO         1811    i.__uart_callback_set  amdr_uart.o
    0x0000319e   0x00000002   PAD
    0x000031a0   0x0000002c   Code   RO         1812    i.__uart_connect    amdr_uart.o
    0x000031cc   0x00000008   Code   RO         1813    i.__uart_dummy_callback  amdr_uart.o
    0x000031d4   0x000000bc   Code   RO         1814    i.__uart_ioctl      amdr_uart.o
    0x00003290   0x00000052   Code   RO         1815    i.__uart_irq_handler  amdr_uart.o
    0x000032e2   0x00000028   Code   RO         1816    i.__uart_irq_rx_handler  amdr_uart.o
    0x0000330a   0x00000042   Code   RO         1817    i.__uart_irq_tx_handler  amdr_uart.o
    0x0000334c   0x0000003c   Code   RO         1818    i.__uart_mode_set   amdr_uart.o
    0x00003388   0x000000f2   Code   RO         1819    i.__uart_opt_set    amdr_uart.o
    0x0000347a   0x0000003e   Code   RO         1820    i.__uart_poll_getchar  amdr_uart.o
    0x000034b8   0x00000038   Code   RO         1821    i.__uart_poll_putchar  amdr_uart.o
    0x000034f0   0x00000016   Code   RO         1822    i.__uart_tx_startup  amdr_uart.o
    0x00003506   0x00000032   Code   RO          264    i.__usart_int_rxchar_put  am_uart_int.o
    0x00003538   0x00000034   Code   RO          265    i.__usart_int_txchar_get  am_uart_int.o
    0x0000356c   0x0000000e   Code   RO         5591    i._is_digit         c_p.l(__printf_wp.o)
    0x0000357a   0x00000002   PAD
    0x0000357c   0x0000004c   Code   RO          802    i.am_board_init     am_board.o
    0x000035c8   0x00000098   Code   RO         5291    i.am_data_send      demo_std_low_fly_mouse.o
    0x00003660   0x000000c8   Code   RO          910    i.am_debug_init     am_debug.o
    0x00003728   0x00000074   Code   RO          739    i.am_delay_init     am_delay.o
    0x0000379c   0x0000005c   Code   RO         1367    i.am_exc_eint_handler  amdr_int.o
    0x000037f8   0x00000034   Code   RO         1235    i.am_gpio_get       amdr_gpio.o
    0x0000382c   0x000001c4   Code   RO         1236    i.am_gpio_pin_cfg   amdr_gpio.o
    0x000039f0   0x0000005c   Code   RO         1237    i.am_gpio_set       amdr_gpio.o
    0x00003a4c   0x000000ac   Code   RO         1239    i.am_gpio_trigger_cfg  amdr_gpio.o
    0x00003af8   0x00000014   Code   RO            2    i.am_i2c_mktrans    am_i2c.o
    0x00003b0c   0x000000d4   Code   RO            3    i.am_i2c_read       am_i2c.o
    0x00003be0   0x00000012   Code   RO            4    i.am_i2c_transfer   am_i2c.o
    0x00003bf2   0x00000002   PAD
    0x00003bf4   0x000000d0   Code   RO            5    i.am_i2c_write      am_i2c.o
    0x00003cc4   0x00000078   Code   RO         1368    i.am_int_connect    amdr_int.o
    0x00003d3c   0x0000001c   Code   RO         1369    i.am_int_disable    amdr_int.o
    0x00003d58   0x00000020   Code   RO         1371    i.am_int_enable     amdr_int.o
    0x00003d78   0x00000060   Code   RO         4667    i.am_int_wake_up_cal  am_key.o
    0x00003dd8   0x00000070   Code   RO         4668    i.am_int_wake_up_cfg  am_key.o
    0x00003e48   0x0000001e   Code   RO         4669    i.am_int_wake_up_disable  am_key.o
    0x00003e66   0x0000001e   Code   RO         4670    i.am_int_wake_up_enable  am_key.o
    0x00003e84   0x00000020   Code   RO          912    i.am_kprintf        am_debug.o
    0x00003ea4   0x0000004c   Code   RO         4672    i.am_matrix_key_init  am_key.o
    0x00003ef0   0x000000aa   Code   RO         4673    i.am_matrix_key_scan  am_key.o
    0x00003f9a   0x00000066   Code   RO         4674    i.am_matrix_key_scan_repeat  am_key.o
    0x00004000   0x000000a0   Code   RO          740    i.am_mdelay         am_delay.o
    0x000040a0   0x00000042   Code   RO         4494    i.am_mpu6050_acc_range_set  am_mpu6050.o
    0x000040e2   0x00000042   Code   RO         4495    i.am_mpu6050_clk_select  am_mpu6050.o
    0x00004124   0x00000042   Code   RO         4499    i.am_mpu6050_fs_set  am_mpu6050.o
    0x00004166   0x00000042   Code   RO         4500    i.am_mpu6050_gro_range_set  am_mpu6050.o
    0x000041a8   0x0000007e   Code   RO         4503    i.am_mpu6050_init   am_mpu6050.o
    0x00004226   0x0000003c   Code   RO         4504    i.am_mpu6050_int_disable  am_mpu6050.o
    0x00004262   0x00000106   Code   RO         4506    i.am_mpu6050_int_pin_set  am_mpu6050.o
    0x00004368   0x00000022   Code   RO         4508    i.am_mpu6050_motion_thr_set  am_mpu6050.o
    0x0000438a   0x00000048   Code   RO         4509    i.am_mpu6050_reset_enable  am_mpu6050.o
    0x000043d2   0x0000002c   Code   RO         4510    i.am_mpu6050_sample_rate_set  am_mpu6050.o
    0x000043fe   0x00000046   Code   RO         4512    i.am_mpu6050_wake_enable  am_mpu6050.o
    0x00004444   0x0000023c   Code   RO         4959    i.am_mpu_dmp_get_data  inv_mpu.o
    0x00004680   0x0000025c   Code   RO         4960    i.am_mpu_dmp_init   inv_mpu.o
    0x000048dc   0x00000048   Code   RO         4514    i.am_mpu_read_len   am_mpu6050.o
    0x00004924   0x00000034   Code   RO         4515    i.am_mpu_write_len  am_mpu6050.o
    0x00004958   0x0000002c   Code   RO         1006    i.am_system_init    am_system.o
    0x00004984   0x0000000a   Code   RO          741    i.am_systick_disable  am_delay.o
    0x0000498e   0x0000000a   Code   RO          742    i.am_systick_enable  am_delay.o
    0x00004998   0x0000000e   Code   RO          743    i.am_systick_flag_check  am_delay.o
    0x000049a6   0x00000008   Code   RO          744    i.am_systick_reload_val_set  am_delay.o
    0x000049ae   0x00000008   Code   RO          745    i.am_systick_val_set  am_delay.o
    0x000049b6   0x0000001c   Code   RO          266    i.am_uart_callback_set  am_uart_int.o
    0x000049d2   0x00000002   PAD
    0x000049d4   0x00000050   Code   RO          267    i.am_uart_int_init  am_uart_int.o
    0x00004a24   0x00000032   Code   RO          269    i.am_uart_int_send  am_uart_int.o
    0x00004a56   0x00000002   PAD
    0x00004a58   0x00000044   Code   RO          746    i.am_udelay         am_delay.o
    0x00004a9c   0x0000000a   Code   RO          271    i.am_wait_done      am_uart_int.o
    0x00004aa6   0x00000010   Code   RO            6    i.am_wait_on        am_i2c.o
    0x00004ab6   0x00000010   Code   RO          272    i.am_wait_on        am_uart_int.o
    0x00004ac6   0x00000002   PAD
    0x00004ac8   0x00000028   Code   RO         2841    i.amdr_clk_bus_clkrate_get  amdr_clk.o
    0x00004af0   0x00000028   Code   RO         2842    i.amdr_clk_core_clkrate_get  amdr_clk.o
    0x00004b18   0x00000084   Code   RO         2844    i.amdr_clk_init     amdr_clk.o
    0x00004b9c   0x000000b0   Code   RO         2846    i.amdr_clk_mcgfllclk_rate_get  amdr_clk.o
    0x00004c4c   0x00000040   Code   RO         2847    i.amdr_clk_mcgirclk_rate_get  amdr_clk.o
    0x00004c8c   0x00000048   Code   RO         2848    i.amdr_clk_mcgoutclk_rate_get  amdr_clk.o
    0x00004cd4   0x0000003c   Code   RO         2849    i.amdr_clk_mcgpllclk_rate_get  amdr_clk.o
    0x00004d10   0x000000e0   Code   RO         2850    i.amdr_clk_mode_blpe2pee  amdr_clk.o
    0x00004df0   0x0000006a   Code   RO         2851    i.amdr_clk_mode_blpi2fei  amdr_clk.o
    0x00004e5a   0x0000006a   Code   RO         2852    i.amdr_clk_mode_fei2blpi  amdr_clk.o
    0x00004ec4   0x0000009c   Code   RO         2853    i.amdr_clk_mode_get  amdr_clk.o
    0x00004f60   0x00000078   Code   RO         2854    i.amdr_clk_mode_pee2blpe  amdr_clk.o
    0x00004fd8   0x0000002c   Code   RO         2855    i.amdr_clk_oscclk_rate_get  amdr_clk.o
    0x00005004   0x000000a4   Code   RO         2856    i.amdr_clk_periph_rate_get  amdr_clk.o
    0x000050a8   0x00000046   Code   RO         2859    i.amdr_clk_tpm_rate_get  amdr_clk.o
    0x000050ee   0x00000046   Code   RO         2860    i.amdr_clk_uart0_rate_get  amdr_clk.o
    0x00005134   0x00000054   Code   RO         1245    i.amdr_gpio_init    amdr_gpio.o
    0x00005188   0x00000028   Code   RO         2719    i.amdr_i2c_init     amdr_i2c.o
    0x000051b0   0x00000060   Code   RO         1373    i.amdr_int_init     amdr_int.o
    0x00005210   0x0000013c   Code   RO         2346    i.amdr_pmu_init     amdr_pmu.o
    0x0000534c   0x0000001c   Code   RO         2349    i.amdr_pmu_mode_get  amdr_pmu.o
    0x00005368   0x00000140   Code   RO         2350    i.amdr_pmu_mode_into  amdr_pmu.o
    0x000054a8   0x000000dc   Code   RO         1824    i.amdr_uart_init    amdr_uart.o
    0x00005584   0x0000001e   Code   RO         1246    i.amhw_gpio_pin_dir_input  amdr_gpio.o
    0x000055a2   0x0000001e   Code   RO         1247    i.amhw_gpio_pin_dir_output  amdr_gpio.o
    0x000055c0   0x0000000a   Code   RO         2720    i.amhw_i2c_ack_respond  amdr_i2c.o
    0x000055ca   0x00000004   Code   RO         2721    i.amhw_i2c_data_write  amdr_i2c.o
    0x000055ce   0x0000000a   Code   RO         2722    i.amhw_i2c_disable  amdr_i2c.o
    0x000055d8   0x00000042   Code   RO         2723    i.amhw_i2c_int_disable  amdr_i2c.o
    0x0000561a   0x0000000a   Code   RO         2724    i.amhw_i2c_nak_respond  amdr_i2c.o
    0x00005624   0x00000004   Code   RO         2725    i.amhw_i2c_stat_clr  amdr_i2c.o
    0x00005628   0x0000000a   Code   RO         2726    i.amhw_i2c_stop_signal_send  amdr_i2c.o
    0x00005632   0x00000008   Code   RO         2727    i.amhw_i2c_tmout_flag_clr  amdr_i2c.o
    0x0000563a   0x00000010   Code   RO         2728    i.amhw_i2c_transmode_set  amdr_i2c.o
    0x0000564a   0x0000000e   Code   RO         1374    i.amhw_int_disable  amdr_int.o
    0x00005658   0x00000022   Code   RO         2351    i.amhw_llwu_wuflags_clr  amdr_pmu.o
    0x0000567a   0x00000002   PAD
    0x0000567c   0x00000014   Code   RO         2862    i.amhw_mcg_atm_disable  amdr_clk.o
    0x00005690   0x00000018   Code   RO         2863    i.amhw_mcg_fll_dco_div_set  amdr_clk.o
    0x000056a8   0x00000018   Code   RO         2864    i.amhw_mcg_fll_erc_div_set  amdr_clk.o
    0x000056c0   0x00000010   Code   RO         2865    i.amhw_mcg_fll_src_get  amdr_clk.o
    0x000056d0   0x00000018   Code   RO         2866    i.amhw_mcg_fll_src_set  amdr_clk.o
    0x000056e8   0x00000010   Code   RO         2867    i.amhw_mcg_fll_stat_get  amdr_clk.o
    0x000056f8   0x00000014   Code   RO         2868    i.amhw_mcg_irc_enable  amdr_clk.o
    0x0000570c   0x00000018   Code   RO         2869    i.amhw_mcg_irc_fast_div_set  amdr_clk.o
    0x00005724   0x00000014   Code   RO         2870    i.amhw_mcg_irc_src_set  amdr_clk.o
    0x00005738   0x00000014   Code   RO         2871    i.amhw_mcg_lp_plls_disable  amdr_clk.o
    0x0000574c   0x00000014   Code   RO         2872    i.amhw_mcg_lp_plls_enable  amdr_clk.o
    0x00005760   0x00000010   Code   RO         2873    i.amhw_mcg_osc_range_get  amdr_clk.o
    0x00005770   0x0000000c   Code   RO         2874    i.amhw_mcg_outclk_src_get  amdr_clk.o
    0x0000577c   0x00000018   Code   RO         2875    i.amhw_mcg_outclk_src_set  amdr_clk.o
    0x00005794   0x00000010   Code   RO         2876    i.amhw_mcg_outclk_stat_get  amdr_clk.o
    0x000057a4   0x00000014   Code   RO         2877    i.amhw_mcg_pll_erc_div_set  amdr_clk.o
    0x000057b8   0x00000010   Code   RO         2878    i.amhw_mcg_pll_locked_stat_get  amdr_clk.o
    0x000057c8   0x00000014   Code   RO         2879    i.amhw_mcg_pll_vco_div_set  amdr_clk.o
    0x000057dc   0x00000010   Code   RO         2880    i.amhw_mcg_plls_stat_get  amdr_clk.o
    0x000057ec   0x0000004c   Code   RO         4442    i.amhw_plfm_clk_init  amdr_hwconfig_clk.o
    0x00005838   0x0000002c   Code   RO         3736    i.amhw_plfm_gpio_init  amdr_hwconfig_gpio.o
    0x00005864   0x0000001e   Code   RO         3786    i.amhw_plfm_i2c0_init  amdr_hwconfig_i2c.o
    0x00005882   0x00000002   PAD
    0x00005884   0x00000014   Code   RO         3935    i.amhw_plfm_pmu_init  amdr_hwconfig_pmu.o
    0x00005898   0x00000030   Code   RO         4338    i.amhw_plfm_uart1_init  amdr_hwconfig_uart.o
    0x000058c8   0x00000032   Code   RO         2352    i.amhw_pmc_ack_set  amdr_pmu.o
    0x000058fa   0x00000022   Code   RO         2353    i.amhw_pmc_int_disable  amdr_pmu.o
    0x0000591c   0x0000000a   Code   RO         2354    i.amhw_pmc_lvdrest_disable  amdr_pmu.o
    0x00005926   0x0000000c   Code   RO         2355    i.amhw_pmc_regulator_wstat_get  amdr_pmu.o
    0x00005932   0x00000028   Code   RO         1248    i.amhw_port_pin_func_cfg  amdr_gpio.o
    0x0000595a   0x00000028   Code   RO         4443    i.amhw_port_pin_func_cfg  amdr_hwconfig_clk.o
    0x00005982   0x00000028   Code   RO         1249    i.amhw_port_pin_irq_cfg  amdr_gpio.o
    0x000059aa   0x00000022   Code   RO         1250    i.amhw_port_pin_isf_clr  amdr_gpio.o
    0x000059cc   0x00000022   Code   RO         4676    i.amhw_port_pin_isf_clr  am_key.o
    0x000059ee   0x00000020   Code   RO         1251    i.amhw_port_pin_pull_enable  amdr_gpio.o
    0x00005a0e   0x00000020   Code   RO         1252    i.amhw_port_pin_pull_up  amdr_gpio.o
    0x00005a2e   0x0000000c   Code   RO         2356    i.amhw_rcm_respin_filt_runw_cfg  amdr_pmu.o
    0x00005a3a   0x00000002   PAD
    0x00005a3c   0x00000018   Code   RO         2881    i.amhw_sim_clkdiv1_outdiv1_set  amdr_clk.o
    0x00005a54   0x00000018   Code   RO         2882    i.amhw_sim_clkdiv1_outdiv4_set  amdr_clk.o
    0x00005a6c   0x0000001c   Code   RO         2884    i.amhw_sim_ercclk32k_src_set  amdr_clk.o
    0x00005a88   0x00000028   Code   RO         3738    i.amhw_sim_periph_clock_enable  amdr_hwconfig_gpio.o
    0x00005ab0   0x00000028   Code   RO         3790    i.amhw_sim_periph_clock_enable  amdr_hwconfig_i2c.o
    0x00005ad8   0x00000028   Code   RO         4342    i.amhw_sim_periph_clock_enable  amdr_hwconfig_uart.o
    0x00005b00   0x00000010   Code   RO         2885    i.amhw_sim_pllfll_sel_get  amdr_clk.o
    0x00005b10   0x00000018   Code   RO         2886    i.amhw_sim_pllfll_sel_set  amdr_clk.o
    0x00005b28   0x00000010   Code   RO         2887    i.amhw_sim_tpm_src_get  amdr_clk.o
    0x00005b38   0x00000010   Code   RO         2888    i.amhw_sim_uart0_src_get  amdr_clk.o
    0x00005b48   0x0000000c   Code   RO         2357    i.amhw_smc_run_mdoe_sel  amdr_pmu.o
    0x00005b54   0x0000000c   Code   RO         2358    i.amhw_smc_stop_mdoe_isabort  amdr_pmu.o
    0x00005b60   0x00000020   Code   RO         2359    i.amhw_smc_stop_mdoe_sel  amdr_pmu.o
    0x00005b80   0x000000f4   Code   RO         3212    i.amhw_uart_baudrate_set  amhw_uart.o
    0x00005c74   0x0000001a   Code   RO         1825    i.amhw_uart_enable  amdr_uart.o
    0x00005c8e   0x00000024   Code   RO         1826    i.amhw_uart_int_disable  amdr_uart.o
    0x00005cb2   0x00000024   Code   RO         1827    i.amhw_uart_int_enable  amdr_uart.o
    0x00005cd6   0x00000014   Code   RO         1828    i.amhw_uart_intstat_get  amdr_uart.o
    0x00005cea   0x0000000c   Code   RO          913    i.amhw_uart_stat1_tdre_get  am_debug.o
    0x00005cf6   0x00000004   Code   RO          914    i.amhw_uart_txdata_write  am_debug.o
    0x00005cfa   0x00000004   Code   RO         1829    i.amhw_uart_txdata_write  amdr_uart.o
    0x00005cfe   0x00000002   PAD
    0x00005d00   0x00000274   Code   RO         5491    i.asin              m_ps.l(asin.o)
    0x00005f74   0x0000021c   Code   RO         5640    i.atan              m_ps.l(atan.o)
    0x00006190   0x00000178   Code   RO         5501    i.atan2             m_ps.l(atan2.o)
    0x00006308   0x00000068   Code   RO         4753    i.decode_gesture    inv_mpu_dmp_motion_driver.o
    0x00006370   0x0000003c   Code   RO         4754    i.dmp_enable_6x_lp_quat  inv_mpu_dmp_motion_driver.o
    0x000063ac   0x0000021c   Code   RO         4755    i.dmp_enable_feature  inv_mpu_dmp_motion_driver.o
    0x000065c8   0x00000058   Code   RO         4756    i.dmp_enable_gyro_cal  inv_mpu_dmp_motion_driver.o
    0x00006620   0x0000003c   Code   RO         4757    i.dmp_enable_lp_quat  inv_mpu_dmp_motion_driver.o
    0x0000665c   0x0000001c   Code   RO         4762    i.dmp_load_motion_driver_firmware  inv_mpu_dmp_motion_driver.o
    0x00006678   0x000001d0   Code   RO         4763    i.dmp_read_fifo     inv_mpu_dmp_motion_driver.o
    0x00006848   0x00000160   Code   RO         4766    i.dmp_set_accel_bias  inv_mpu_dmp_motion_driver.o
    0x000069a8   0x00000078   Code   RO         4767    i.dmp_set_fifo_rate  inv_mpu_dmp_motion_driver.o
    0x00006a20   0x00000144   Code   RO         4768    i.dmp_set_gyro_bias  inv_mpu_dmp_motion_driver.o
    0x00006b64   0x00000144   Code   RO         4770    i.dmp_set_orientation  inv_mpu_dmp_motion_driver.o
    0x00006ca8   0x0000003a   Code   RO         4773    i.dmp_set_shake_reject_thresh  inv_mpu_dmp_motion_driver.o
    0x00006ce2   0x00000024   Code   RO         4774    i.dmp_set_shake_reject_time  inv_mpu_dmp_motion_driver.o
    0x00006d06   0x00000024   Code   RO         4775    i.dmp_set_shake_reject_timeout  inv_mpu_dmp_motion_driver.o
    0x00006d2a   0x0000004c   Code   RO         4776    i.dmp_set_tap_axes  inv_mpu_dmp_motion_driver.o
    0x00006d76   0x00000026   Code   RO         4777    i.dmp_set_tap_count  inv_mpu_dmp_motion_driver.o
    0x00006d9c   0x000001ac   Code   RO         4778    i.dmp_set_tap_thresh  inv_mpu_dmp_motion_driver.o
    0x00006f48   0x00000024   Code   RO         4779    i.dmp_set_tap_time  inv_mpu_dmp_motion_driver.o
    0x00006f6c   0x00000024   Code   RO         4780    i.dmp_set_tap_time_multi  inv_mpu_dmp_motion_driver.o
    0x00006f90   0x00000024   Code   RO          916    i.fputc             am_debug.o
    0x00006fb4   0x00000002   Code   RO         4963    i.get_ms            inv_mpu.o
    0x00006fb6   0x00000028   Code   RO         4966    i.inv_orientation_matrix_to_scalar  inv_mpu.o
    0x00006fde   0x0000004e   Code   RO         4967    i.inv_row_2_scale   inv_mpu.o
    0x0000702c   0x000002e8   Code   RO         5292    i.main              demo_std_low_fly_mouse.o
    0x00007314   0x00000080   Code   RO         4968    i.mpu_configure_fifo  inv_mpu.o
    0x00007394   0x00000050   Code   RO         4969    i.mpu_get_accel_fsr  inv_mpu.o
    0x000073e4   0x00000058   Code   RO         4971    i.mpu_get_accel_sens  inv_mpu.o
    0x0000743c   0x00000010   Code   RO         4976    i.mpu_get_fifo_config  inv_mpu.o
    0x0000744c   0x00000048   Code   RO         4977    i.mpu_get_gyro_fsr  inv_mpu.o
    0x00007494   0x00000050   Code   RO         4981    i.mpu_get_lpf       inv_mpu.o
    0x000074e4   0x00000020   Code   RO         4983    i.mpu_get_sample_rate  inv_mpu.o
    0x00007504   0x00000204   Code   RO         4985    i.mpu_init          inv_mpu.o
    0x00007708   0x000000c0   Code   RO         4986    i.mpu_load_firmware  inv_mpu.o
    0x000077c8   0x000000dc   Code   RO         4987    i.mpu_lp_accel_mode  inv_mpu.o
    0x000078a4   0x00000210   Code   RO         4988    i.mpu_lp_motion_interrupt  inv_mpu.o
    0x00007ab4   0x000000c0   Code   RO         4990    i.mpu_read_fifo_stream  inv_mpu.o
    0x00007b74   0x0000007c   Code   RO         4991    i.mpu_read_mem      inv_mpu.o
    0x00007bf0   0x000001e4   Code   RO         4994    i.mpu_reset_fifo    inv_mpu.o
    0x00007dd4   0x00000084   Code   RO         4997    i.mpu_set_accel_fsr  inv_mpu.o
    0x00007e58   0x00000160   Code   RO         4998    i.mpu_set_bypass    inv_mpu.o
    0x00007fb8   0x00000090   Code   RO         5000    i.mpu_set_dmp_state  inv_mpu.o
    0x00008048   0x00000094   Code   RO         5001    i.mpu_set_gyro_fsr  inv_mpu.o
    0x000080dc   0x00000074   Code   RO         5002    i.mpu_set_int_latched  inv_mpu.o
    0x00008150   0x00000010   Code   RO         5003    i.mpu_set_int_level  inv_mpu.o
    0x00008160   0x00000084   Code   RO         5004    i.mpu_set_lpf       inv_mpu.o
    0x000081e4   0x000000a8   Code   RO         5005    i.mpu_set_sample_rate  inv_mpu.o
    0x0000828c   0x000000e0   Code   RO         5006    i.mpu_set_sensors   inv_mpu.o
    0x0000836c   0x0000007c   Code   RO         5007    i.mpu_write_mem     inv_mpu.o
    0x000083e8   0x00000098   Code   RO         5008    i.run_self_test     inv_mpu.o
    0x00008480   0x000000ac   Code   RO         5009    i.set_int_enable    inv_mpu.o
    0x0000852c   0x00000048   Code   RO         5509    i.sqrt              m_ps.l(sqrt.o)
    0x00008574   0x0000002c   Code   RO         5740    locale$$code        c_p.l(lc_numeric_c.o)
    0x000085a0   0x0000002c   Code   RO         5764    locale$$code        c_p.l(lc_ctype_c.o)
    0x000085cc   0x0000008c   Code   RO         5467    x$fpl$fadd          fz_ps.l(faddsub.o)
    0x00008658   0x000000b0   Code   RO         5486    x$fpl$fmul          fz_ps.l(fmul.o)
    0x00008708   0x000000d0   Code   RO         5469    x$fpl$fsub          fz_ps.l(faddsub.o)
    0x000087d8   0x00000010   Code   RO         5636    x$fpl$printf1       fz_ps.l(printf1.o)
    0x000087e8   0x00000000   Code   RO         5638    x$fpl$usenofp       fz_ps.l(usenofp.o)
    0x000087e8   0x00000018   Data   RO         1830    .constdata          amdr_uart.o
    0x00008800   0x000000d0   Data   RO         2729    .constdata          amdr_i2c.o
    0x000088d0   0x00000018   Data   RO         3740    .constdata          amdr_hwconfig_gpio.o
    0x000088e8   0x00000018   Data   RO         3792    .constdata          amdr_hwconfig_i2c.o
    0x00008900   0x0000001c   Data   RO         3841    .constdata          amdr_hwconfig_int.o
    0x0000891c   0x00000014   Data   RO         3937    .constdata          amdr_hwconfig_pmu.o
    0x00008930   0x00000030   Data   RO         4344    .constdata          amdr_hwconfig_uart.o
    0x00008960   0x00000008   Data   RO         4445    .constdata          amdr_hwconfig_clk.o
    0x00008968   0x00000068   Data   RO         5010    .constdata          inv_mpu.o
    0x000089d0   0x00000018   Data   RO         5294    .constdata          demo_std_low_fly_mouse.o
    0x000089e8   0x00000080   Data   RO         5455    .constdata          fz_ps.l(ddiv.o)
    0x00008a68   0x00000040   Data   RO         5474    .constdata          fz_ps.l(fdiv.o)
    0x00008aa8   0x00000050   Data   RO         5492    .constdata          m_ps.l(asin.o)
    0x00008af8   0x00000008   Data   RO         5550    .constdata          c_p.l(_printf_wctomb.o)
    0x00008b00   0x00000028   Data   RO         5579    .constdata          c_p.l(_printf_hex_int_ll_ptr.o)
    0x00008b28   0x00000011   Data   RO         5599    .constdata          c_p.l(__printf_flags_ss_wp.o)
    0x00008b39   0x00000007   PAD
    0x00008b40   0x00000098   Data   RO         5641    .constdata          m_ps.l(atan.o)
    0x00008bd8   0x00000008   Data   RO         5667    .constdata          m_ps.l(qnan.o)
    0x00008be0   0x00000094   Data   RO         5735    .constdata          c_p.l(bigflt0.o)
    0x00008c74   0x0000004d   Data   RO         5011    .conststring        inv_mpu.o
    0x00008cc1   0x00000003   PAD
    0x00008cc4   0x00000020   Data   RO         5886    Region$$Table       anon$$obj.o
    0x00008ce4   0x0000001c   Data   RO         5739    locale$$data        c_p.l(lc_numeric_c.o)
    0x00008d00   0x00000110   Data   RO         5763    locale$$data        c_p.l(lc_ctype_c.o)


    Execution Region RW_IRAM1 (Base: 0x1ffff000, Size: 0x00001350, Max: 0x00004000, ABSOLUTE, COMPRESSED[0x0000094c])

    Base Addr    Size         Type   Attr      Idx    E Section Name        Object

    0x1ffff000   0x00000004   Data   RW            7    .data               am_i2c.o
    0x1ffff004   0x00000010   Data   RW          747    .data               am_delay.o
    0x1ffff014   0x00000008   Data   RW          917    .data               am_debug.o
    0x1ffff01c   0x00000004   Data   RW         1253    .data               amdr_gpio.o
    0x1ffff020   0x00000004   Data   RW         1375    .data               amdr_int.o
    0x1ffff024   0x00000004   Data   RW         2360    .data               amdr_pmu.o
    0x1ffff028   0x00000004   Data   RW         2889    .data               amdr_clk.o
    0x1ffff02c   0x0000000c   Data   RW         3741    .data               amdr_hwconfig_gpio.o
    0x1ffff038   0x00000008   Data   RW         3842    .data               amdr_hwconfig_int.o
    0x1ffff040   0x00000004   Data   RW         4517    .data               am_mpu6050.o
    0x1ffff044   0x00000bf6   Data   RW         4782    .data               inv_mpu_dmp_motion_driver.o
    0x1ffffc3a   0x00000002   PAD
    0x1ffffc3c   0x00000035   Data   RW         5012    .data               inv_mpu.o
    0x1ffffc71   0x00000003   PAD
    0x1ffffc74   0x00000014   Data   RW         5295    .data               demo_std_low_fly_mouse.o
    0x1ffffc88   0x00000010   Zero   RW         3739    .bss                amdr_hwconfig_gpio.o
    0x1ffffc98   0x00000030   Zero   RW         3791    .bss                amdr_hwconfig_i2c.o
    0x1ffffcc8   0x00000120   Zero   RW         3840    .bss                amdr_hwconfig_int.o
    0x1ffffde8   0x0000000c   Zero   RW         3936    .bss                amdr_hwconfig_pmu.o
    0x1ffffdf4   0x0000009c   Zero   RW         4343    .bss                amdr_hwconfig_uart.o
    0x1ffffe90   0x00000010   Zero   RW         4444    .bss                amdr_hwconfig_clk.o
    0x1ffffea0   0x00000010   Zero   RW         4516    .bss                am_mpu6050.o
    0x1ffffeb0   0x00000010   Zero   RW         4781    .bss                inv_mpu_dmp_motion_driver.o
    0x1ffffec0   0x00000030   Zero   RW         5293    .bss                demo_std_low_fly_mouse.o
    0x1ffffef0   0x00000060   Zero   RW         5718    .bss                c_p.l(libspace.o)
    0x1fffff50   0x00000000   Zero   RW          728    HEAP                startup_mkl16z4.o
    0x1fffff50   0x00000400   Zero   RW          727    STACK               startup_mkl16z4.o


==============================================================================

Image component sizes


      Code (inc. data)   RO Data    RW Data    ZI Data      Debug   Object Name

        48          0          0          0          0         76   am_adc.o
        76         20          0          0          0       7404   am_board.o
         0          0          0          0          0      29440   am_buzzer_pwm.o
       286         22          0          8          0      17491   am_debug.o
       394         54          0         16          0       6194   am_delay.o
       494         22          0          4          0      16298   am_i2c.o
       650          4          0          0          0       9993   am_key.o
      1056          8          0          4         16      16019   am_mpu6050.o
        44         16          0          0          0        533   am_system.o
       286         10          0          0          0      10180   am_uart_int.o
        28          0          0          0          0         76   amdr_adc.o
      2632        318          0          4          0      40367   amdr_clk.o
      1090         30          0          4          0      15525   amdr_gpio.o
       116         12          8          0         16      10575   amdr_hwconfig_clk.o
        84          8         24         12         16       8494   amdr_hwconfig_gpio.o
        70          8         24          0         48       1964   amdr_hwconfig_i2c.o
         0          0         28          8        288        880   amdr_hwconfig_int.o
        20          6         20          0         12       2743   amdr_hwconfig_pmu.o
        88         14         48          0        156       8209   amdr_hwconfig_uart.o
      1272         20        208          0          0      19633   amdr_i2c.o
       382         22          0          4          0       7923   amdr_int.o
      1330         82          0          4          0      30034   amdr_pmu.o
      1264         28         24          0          0      20033   amdr_uart.o
       410         10          0          0          0       7489   amhw_uart.o
       896        144         24         20         48       9138   demo_std_low_fly_mouse.o
      5928        596        181         53          0      28995   inv_mpu.o
      3256        156          0       3062         16      24592   inv_mpu_dmp_motion_driver.o
        60         34        192          0       1024        912   startup_mkl16z4.o

    ----------------------------------------------------------------------
     22282       1644        816       3208       1640     351210   Object Totals
         0          0         32          0          0          0   (incl. Generated)
        22          0          3          5          0          0   (incl. Padding)

    ----------------------------------------------------------------------

      Code (inc. data)   RO Data    RW Data    ZI Data      Debug   Library Member Name

        86          0          0          0          0          0   __dczerorl2.o
         8          0          0          0          0         68   __main.o
       392          6         17          0          0         76   __printf_flags_ss_wp.o
        14          0          0          0          0         60   __printf_wp.o
         0          0          0          0          0          0   __rtentry.o
        12          0          0          0          0          0   __rtentry2.o
         6          0          0          0          0          0   __rtentry4.o
        60          8          0          0          0          0   __scatter.o
        28          0          0          0          0          0   __scatter_zi.o
        10          0          0          0          0          0   _printf_a.o
        10          0          0          0          0          0   _printf_c.o
        46          0          0          0          0        100   _printf_char.o
        48          6          0          0          0         88   _printf_char_common.o
        40          6          0          0          0         72   _printf_char_file.o
        38          0          0          0          0         60   _printf_charcount.o
        10          0          0          0          0          0   _printf_d.o
       108         18          0          0          0         76   _printf_dec.o
        10          0          0          0          0          0   _printf_e.o
        10          0          0          0          0          0   _printf_f.o
      1044         14          0          0          0        176   _printf_fp_dec.o
       136         16          0          0          0         76   _printf_fp_infnan.o
        10          0          0          0          0          0   _printf_g.o
       152          4         40          0          0        148   _printf_hex_int_ll_ptr.o
        10          0          0          0          0          0   _printf_i.o
       176          0          0          0          0         84   _printf_intcommon.o
        10          0          0          0          0          0   _printf_l.o
        10          0          0          0          0          0   _printf_lc.o
        10          0          0          0          0          0   _printf_ll.o
        10          0          0          0          0          0   _printf_lld.o
        10          0          0          0          0          0   _printf_lli.o
        10          0          0          0          0          0   _printf_llo.o
        10          0          0          0          0          0   _printf_llu.o
        10          0          0          0          0          0   _printf_llx.o
       112         18          0          0          0         76   _printf_longlong_dec.o
        10          0          0          0          0          0   _printf_ls.o
        10          0          0          0          0          0   _printf_n.o
        10          0          0          0          0          0   _printf_o.o
       112         10          0          0          0        112   _printf_oct_int_ll.o
        10          0          0          0          0          0   _printf_p.o
        78          0          0          0          0        100   _printf_pad.o
         2          0          0          0          0          0   _printf_percent.o
         4          0          0          0          0          0   _printf_percent_end.o
        10          0          0          0          0          0   _printf_s.o
        82          0          0          0          0         72   _printf_str.o
        36          0          0          0          0         76   _printf_truncate.o
        10          0          0          0          0          0   _printf_u.o
        46          0          0          0          0        100   _printf_wchar.o
       188          6          8          0          0         80   _printf_wctomb.o
        10          0          0          0          0          0   _printf_x.o
        22          0          0          0          0         92   _rserrno.o
        64          0          0          0          0         72   _wcrtomb.o
        18          0          0          0          0         68   aeabi_memset.o
       346          0          0          0          0         92   aeabi_sdiv.o
       200          4        148          0          0         80   bigflt0.o
      1192         12          0          0          0        240   btod.o
        16          4          0          0          0         68   c89vprintf.o
        16          0          0          0          0         68   exit.o
         8          0          0          0          0         60   ferror.o
         6          0          0          0          0        136   heapauxi.o
        44         10        272          0          0         76   lc_ctype_c.o
        44         10         28          0          0         76   lc_numeric_c.o
         2          0          0          0          0          0   libinit.o
        30          0          0          0          0          0   libinit2.o
         2          0          0          0          0          0   libshutdown.o
         2          0          0          0          0          0   libshutdown2.o
         8          4          0          0         96         68   libspace.o
        48          0          0          0          0         72   llmul.o
       258          0          0          0          0         88   lludiv.o
       122          0          0          0          0         72   lludiv10.o
        90          0          0          0          0         68   memcmp.o
        16          4          0          0          0         76   rt_ctype_table.o
         8          4          0          0          0         68   rt_errno_addr_intlibspace.o
         8          4          0          0          0         68   rt_locale_intlibspace.o
        64          0          0          0          0        108   rt_memclr.o
        56          0          0          0          0         68   rt_memcpy.o
         2          0          0          0          0          0   rtexit.o
        10          0          0          0          0          0   rtexit2.o
        40          0          0          0          0         60   rtudiv10.o
       136          4          0          0          0         72   strcmp.o
        62          0          0          0          0         80   sys_stackheap_outer.o
       124          4          0          0          0         72   d2f.o
       856         20          0          0          0        208   daddsub.o
      1096         26        128          0          0        112   ddiv.o
       584         26          0          0          0         84   dmul.o
        96         12          0          0          0         72   dscalbn.o
       256          8          0          0          0         76   dsqrt.o
        84          4          0          0          0         60   f2d.o
       348          8          0          0          0        160   faddsub.o
       352         10         64          0          0         92   fdiv.o
        76          0          0          0          0         68   ffixi.o
        48          0          0          0          0         60   ffixui.o
        94          0          0          0          0         92   fflti.o
       176          4          0          0          0         80   fmul.o
        16          4          0          0          0         76   printf1.o
         0          0          0          0          0          0   usenofp.o
       628         54         80          0          0        104   asin.o
       540         68        152          0          0        112   atan.o
       376         42          0          0          0        144   atan2.o
        54          6          0          0          0        272   dunder.o
        44          4          0          0          0         60   fpclassify.o
       172          0          0          0          0         76   poly.o
         0          0          8          0          0          0   qnan.o
        72          6          0          0          0         76   sqrt.o

    ----------------------------------------------------------------------
     12318        478        952          0         96       5952   Library Totals
        12          0          7          0          0          0   (incl. Padding)

    ----------------------------------------------------------------------

      Code (inc. data)   RO Data    RW Data    ZI Data      Debug   Library Name

      6214        172        513          0         96       3796   c_p.l
      4206        126        192          0          0       1312   fz_ps.l
      1886        180        240          0          0        844   m_ps.l

    ----------------------------------------------------------------------
     12318        478        952          0         96       5952   Library Totals

    ----------------------------------------------------------------------

==============================================================================


      Code (inc. data)   RO Data    RW Data    ZI Data      Debug   

     34600       2122       1768       3208       1736     344014   Grand Totals
     34600       2122       1768       2380       1736     344014   ELF Image Totals (compressed)
     34600       2122       1768       2380          0          0   ROM Totals

==============================================================================

    Total RO  Size (Code + RO Data)                36368 (  35.52kB)
    Total RW  Size (RW Data + ZI Data)              4944 (   4.83kB)
    Total ROM Size (Code + RO Data + RW Data)      38748 (  37.84kB)

==============================================================================

